Component: ARM Compiler 5.06 update 6 (build 750) Tool: armlink [4d35ed]

==============================================================================

Section Cross References

    instance.o(.text) refers to deca_device.o(.text) for dwt_writetxfctrl
    instance.o(.text) refers to port.o(.text) for portGetTickCnt
    instance.o(.text) refers to instance_common.o(.text) for reportTOF
    instance.o(.text) refers to led.o(.text) for led_on
    instance.o(.text) refers to stm32f10x_gpio.o(.text) for GPIO_ResetBits
    instance.o(.text) refers to delay.o(.text) for Sleep
    instance.o(.text) refers to instance_common.o(.bss) for instance_data
    instance.o(.text) refers to dfltll_clz.o(x$fpl$dfltll) for __aeabi_l2d
    instance.o(.text) refers to dmul.o(x$fpl$dmul) for __aeabi_dmul
    instance.o(.text) refers to daddsub_clz.o(x$fpl$dsub) for __aeabi_dsub
    instance.o(.text) refers to daddsub_clz.o(x$fpl$dadd) for __aeabi_dadd
    instance.o(.text) refers to ddiv.o(x$fpl$ddiv) for __aeabi_ddiv
    instance.o(.text) refers to dfix.o(x$fpl$dfix) for __aeabi_d2iz
    instance.o(.text) refers to scalbnf.o(x$fpl$scalbnf) for __ARM_scalbnf
    instance.o(.text) refers to fdiv.o(x$fpl$fdiv) for __aeabi_fdiv
    instance.o(.text) refers to f2d.o(x$fpl$f2d) for __aeabi_f2d
    instance.o(.text) refers to ceil.o(i.ceil) for ceil
    instance.o(.text) refers to fflt_clz.o(x$fpl$fflt) for __aeabi_i2f
    instance.o(.text) refers to faddsub_clz.o(x$fpl$fadd) for __aeabi_fadd
    instance.o(.text) refers to fmul.o(x$fpl$fmul) for __aeabi_fmul
    instance.o(.text) refers to dflt_clz.o(x$fpl$dflt) for __aeabi_i2d
    instance.o(.text) refers to deca_params_init.o(.constdata) for dwnsSFDlen
    instance_calib.o(.text) refers to rt_memcpy_w.o(.text) for __aeabi_memcpy4
    instance_calib.o(.text) refers to port.o(.text) for SPI_ConfigFastRate
    instance_calib.o(.text) refers to deca_device.o(.text) for dwt_configcontinuousframemode
    instance_calib.o(.text) refers to instance_calib.o(.conststring) for .conststring
    instance_common.o(.text) refers to ddiv.o(x$fpl$ddiv) for __aeabi_ddiv
    instance_common.o(.text) refers to dfixull.o(x$fpl$llufromd) for __aeabi_d2ulz
    instance_common.o(.text) refers to dflt_clz.o(x$fpl$dflt) for __aeabi_i2d
    instance_common.o(.text) refers to dmul.o(x$fpl$dmul) for __aeabi_dmul
    instance_common.o(.text) refers to d2f.o(x$fpl$d2f) for __aeabi_d2f
    instance_common.o(.text) refers to deca_range_tables.o(.text) for dwt_getrangebias
    instance_common.o(.text) refers to daddsub_clz.o(x$fpl$drsb) for __aeabi_drsub
    instance_common.o(.text) refers to dleqf.o(x$fpl$dleqf) for __aeabi_cdcmple
    instance_common.o(.text) refers to drleqf.o(x$fpl$drleqf) for __aeabi_cdrcmple
    instance_common.o(.text) refers to deca_device.o(.text) for dwt_configeventcounters
    instance_common.o(.text) refers to rt_memcpy_w.o(.text) for __aeabi_memcpy4
    instance_common.o(.text) refers to port.o(.text) for portGetTickCnt
    instance_common.o(.text) refers to instance_common.o(.data) for .data
    instance_common.o(.text) refers to instance_common.o(.bss) for .bss
    instance_common.o(.text) refers to led.o(.text) for led_on
    instance_common.o(.text) refers to rt_memclr_w.o(.text) for __aeabi_memclr4
    instance_common.o(.text) refers to instance.o(.text) for instancesetreplydelay
    instance_common.o(.text) refers to dfix.o(x$fpl$dfix) for __aeabi_d2iz
    instance_common.o(.text) refers to instance_calib.o(.constdata) for txSpectrumConfig
    instance_common.o(.text) refers to instance_calib.o(.constdata) for rfDelays
    instance_common.o(.text) refers to instance_calib.o(.constdata) for rfDelaysTREK
    instance_common.o(.text) refers to stm32f10x_gpio.o(.text) for GPIO_ResetBits
    instance_common.o(.text) refers to delay.o(.text) for Sleep
    deca_range_tables.o(.text) refers to f2d.o(x$fpl$f2d) for __aeabi_f2d
    deca_range_tables.o(.text) refers to scalbn.o(x$fpl$scalbn) for __ARM_scalbn
    deca_range_tables.o(.text) refers to dfix.o(x$fpl$dfix) for __aeabi_d2iz
    deca_range_tables.o(.text) refers to fflt_clz.o(x$fpl$fflt) for __aeabi_i2f
    deca_range_tables.o(.text) refers to dmul.o(x$fpl$dmul) for __aeabi_dmul
    deca_range_tables.o(.text) refers to deca_range_tables.o(.constdata) for .constdata
    deca_device.o(.text) refers to deca_spi.o(.text) for writetospi_serial
    deca_device.o(.text) refers to delay.o(.text) for Sleep
    deca_device.o(.text) refers to deca_device.o(.bss) for .bss
    deca_device.o(.text) refers to deca_params_init.o(.constdata) for pll2calcfg
    deca_device.o(.text) refers to deca_params_init.o(.constdata) for chan_idx
    deca_device.o(.text) refers to deca_params_init.o(.constdata) for lde_replicaCoeff
    deca_device.o(.text) refers to deca_params_init.o(.constdata) for pll2_config
    deca_device.o(.text) refers to deca_params_init.o(.constdata) for rx_config
[...]
    EP1_IN_Callback                          0x080048c1   Thumb Code    60  usb_endp.o(.text)
    EP3_OUT_Callback                         0x080048fd   Thumb Code    32  usb_endp.o(.text)
    SOF_Callback                             0x0800491d   Thumb Code    76  usb_endp.o(.text)
    USB_Istr                                 0x08004975   Thumb Code   310  usb_istr.o(.text)
    USB_LP_CAN1_RX0_IRQHandler               0x08004ac5   Thumb Code     4  usb_it.o(.text)
    USBWakeUp_IRQHandler                     0x08004ac9   Thumb Code     8  usb_it.o(.text)
    Virtual_Com_Port_init                    0x08004ad1   Thumb Code    28  usb_prop.o(.text)
    Virtual_Com_Port_Reset                   0x08004aed   Thumb Code   208  usb_prop.o(.text)
    Virtual_Com_Port_SetConfiguration        0x08004bbd   Thumb Code    16  usb_prop.o(.text)
    Virtual_Com_Port_SetDeviceAddress        0x08004bcd   Thumb Code     8  usb_prop.o(.text)
    Virtual_Com_Port_Status_In               0x08004bd5   Thumb Code    16  usb_prop.o(.text)
    Virtual_Com_Port_Status_Out              0x08004be5   Thumb Code     2  usb_prop.o(.text)
    Virtual_Com_Port_SetLineCoding           0x08004be7   Thumb Code    20  usb_prop.o(.text)
    Virtual_Com_Port_GetLineCoding           0x08004bfb   Thumb Code    20  usb_prop.o(.text)
    Virtual_Com_Port_Data_Setup              0x08004c0f   Thumb Code    74  usb_prop.o(.text)
    Virtual_Com_Port_NoData_Setup            0x08004c59   Thumb Code    30  usb_prop.o(.text)
    Virtual_Com_Port_GetDeviceDescriptor     0x08004c77   Thumb Code     8  usb_prop.o(.text)
    Virtual_Com_Port_GetConfigDescriptor     0x08004c7f   Thumb Code     8  usb_prop.o(.text)
    Virtual_Com_Port_GetStringDescriptor     0x08004c87   Thumb Code    26  usb_prop.o(.text)
    Virtual_Com_Port_Get_Interface_Setting   0x08004ca1   Thumb Code    14  usb_prop.o(.text)
    PowerOn                                  0x08004cc5   Thumb Code    36  usb_pwr.o(.text)
    PowerOff                                 0x08004ce9   Thumb Code    26  usb_pwr.o(.text)
    Suspend                                  0x08004d03   Thumb Code   174  usb_pwr.o(.text)
    Resume_Init                              0x08004db1   Thumb Code    26  usb_pwr.o(.text)
    Resume                                   0x08004dcb   Thumb Code   140  usb_pwr.o(.text)
    Standard_GetConfiguration                0x08004e75   Thumb Code    30  usb_core.o(.text)
    Standard_SetConfiguration                0x08004e93   Thumb Code    42  usb_core.o(.text)
    Standard_GetInterface                    0x08004ebd   Thumb Code    30  usb_core.o(.text)
    Standard_SetInterface                    0x08004edb   Thumb Code    60  usb_core.o(.text)
    Standard_GetStatus                       0x08004f17   Thumb Code   130  usb_core.o(.text)
    Standard_ClearFeature                    0x08004f99   Thumb Code   232  usb_core.o(.text)
    Standard_SetEndPointFeature              0x08005081   Thumb Code   118  usb_core.o(.text)
    Standard_SetDeviceFeature                0x080050f7   Thumb Code    26  usb_core.o(.text)
    Standard_GetDescriptorData               0x08005111   Thumb Code    24  usb_core.o(.text)
    Post0_Process                            0x0800542f   Thumb Code    52  usb_core.o(.text)
    Setup0_Process                           0x08005463   Thumb Code    90  usb_core.o(.text)
    SetDeviceAddress                         0x080054bd   Thumb Code    60  usb_core.o(.text)
    In0_Process                              0x080054f9   Thumb Code    78  usb_core.o(.text)
    Out0_Process                             0x08005547   Thumb Code    60  usb_core.o(.text)
    NOP_Process                              0x08005583   Thumb Code     2  usb_core.o(.text)
    USB_Init                                 0x0800563d   Thumb Code    22  usb_init.o(.text)
    CTR_LP                                   0x08005665   Thumb Code   318  usb_int.o(.text)
    CTR_HP                                   0x080057a3   Thumb Code   106  usb_int.o(.text)
    UserToPMABufferCopy                      0x08005829   Thumb Code    38  usb_mem.o(.text)
    PMAToUserBufferCopy                      0x0800584f   Thumb Code    28  usb_mem.o(.text)
    SetCNTR                                  0x08005871   Thumb Code     6  usb_regs.o(.text)
    GetCNTR                                  0x08005877   Thumb Code     8  usb_regs.o(.text)
    SetISTR                                  0x0800587f   Thumb Code     8  usb_regs.o(.text)
    GetISTR                                  0x08005887   Thumb Code    10  usb_regs.o(.text)
    GetFNR                                   0x08005891   Thumb Code    10  usb_regs.o(.text)
    SetDADDR                                 0x0800589b   Thumb Code     8  usb_regs.o(.text)
    GetDADDR                                 0x080058a3   Thumb Code    10  usb_regs.o(.text)
    SetBTABLE                                0x080058ad   Thumb Code    12  usb_regs.o(.text)
    GetBTABLE                                0x080058b9   Thumb Code    10  usb_regs.o(.text)
    SetENDPOINT                              0x080058c3   Thumb Code    12  usb_regs.o(.text)
    GetENDPOINT                              0x080058cf   Thumb Code    14  usb_regs.o(.text)
    SetEPType                                0x080058dd   Thumb Code    24  usb_regs.o(.text)
    GetEPType                                0x080058f5   Thumb Code    18  usb_regs.o(.text)
    SetEPTxStatus                            0x08005907   Thumb Code    44  usb_regs.o(.text)
    SetEPRxStatus                            0x08005933   Thumb Code    44  usb_regs.o(.text)
    SetDouBleBuffEPStall                     0x0800595f   Thumb Code    42  usb_regs.o(.text)
    GetEPTxStatus                            0x08005989   Thumb Code    18  usb_regs.o(.text)
    GetEPRxStatus                            0x0800599b   Thumb Code    18  usb_regs.o(.text)
    SetEPTxValid                             0x080059ad   Thumb Code    32  usb_regs.o(.text)
    SetEPRxValid                             0x080059cd   Thumb Code    32  usb_regs.o(.text)
    SetEP_KIND                               0x080059ed   Thumb Code    28  usb_regs.o(.text)
    ClearEP_KIND                             0x08005a09   Thumb Code    28  usb_regs.o(.text)
    Clear_Status_Out                         0x08005a25   Thumb Code    28  usb_regs.o(.text)
    Set_Status_Out                           0x08005a41   Thumb Code    28  usb_regs.o(.text)
    SetEPDoubleBuff                          0x08005a5d   Thumb Code    28  usb_regs.o(.text)
    ClearEPDoubleBuff                        0x08005a79   Thumb Code    28  usb_regs.o(.text)
    GetTxStallStatus                         0x08005a95   Thumb Code    22  usb_regs.o(.text)
    GetRxStallStatus                         0x08005aab   Thumb Code    22  usb_regs.o(.text)
    ClearEP_CTR_RX                           0x08005ac1   Thumb Code    22  usb_regs.o(.text)
    ClearEP_CTR_TX                           0x08005ad7   Thumb Code    22  usb_regs.o(.text)
    ToggleDTOG_RX                            0x08005aed   Thumb Code    28  usb_regs.o(.text)
    ToggleDTOG_TX                            0x08005b09   Thumb Code    28  usb_regs.o(.text)
    ClearDTOG_RX                             0x08005b25   Thumb Code    36  usb_regs.o(.text)
    ClearDTOG_TX                             0x08005b49   Thumb Code    36  usb_regs.o(.text)
    SetEPAddress                             0x08005b6d   Thumb Code    30  usb_regs.o(.text)
    GetEPAddress                             0x08005b8b   Thumb Code    16  usb_regs.o(.text)
    SetEPTxAddr                              0x08005b9b   Thumb Code    24  usb_regs.o(.text)
    SetEPRxAddr                              0x08005bb3   Thumb Code    26  usb_regs.o(.text)
    GetEPTxAddr                              0x08005bcd   Thumb Code    22  usb_regs.o(.text)
    GetEPRxAddr                              0x08005be3   Thumb Code    24  usb_regs.o(.text)
    SetEPTxCount                             0x08005bfb   Thumb Code    22  usb_regs.o(.text)
    SetEPCountRxReg                          0x08005c11   Thumb Code    38  usb_regs.o(.text)
    SetEPRxCount                             0x08005c37   Thumb Code    72  usb_regs.o(.text)
    GetEPTxCount                             0x08005c7f   Thumb Code    24  usb_regs.o(.text)
    GetEPRxCount                             0x08005c97   Thumb Code    24  usb_regs.o(.text)
    SetEPDblBuffAddr                         0x08005caf   Thumb Code    42  usb_regs.o(.text)
    SetEPDblBuf0Addr                         0x08005cd9   Thumb Code    22  usb_regs.o(.text)
    SetEPDblBuf1Addr                         0x08005cef   Thumb Code    24  usb_regs.o(.text)
    GetEPDblBuf0Addr                         0x08005d07   Thumb Code    20  usb_regs.o(.text)
    GetEPDblBuf1Addr                         0x08005d1b   Thumb Code    22  usb_regs.o(.text)
    SetEPDblBuffCount                        0x08005d31   Thumb Code   156  usb_regs.o(.text)
    SetEPDblBuf0Count                        0x08005dcd   Thumb Code    82  usb_regs.o(.text)
    SetEPDblBuf1Count                        0x08005e1f   Thumb Code    82  usb_regs.o(.text)
    GetEPDblBuf0Count                        0x08005e71   Thumb Code    24  usb_regs.o(.text)
    GetEPDblBuf1Count                        0x08005e89   Thumb Code    24  usb_regs.o(.text)
    GetEPDblBufDir                           0x08005ea1   Thumb Code    50  usb_regs.o(.text)
    FreeUserBuffer                           0x08005ed3   Thumb Code    48  usb_regs.o(.text)
    ToWord                                   0x08005f03   Thumb Code     6  usb_regs.o(.text)
    ByteSwap                                 0x08005f09   Thumb Code    10  usb_regs.o(.text)
    USB_SIL_Init                             0x08005f21   Thumb Code    24  usb_sil.o(.text)
    USB_SIL_Write                            0x08005f39   Thumb Code    38  usb_sil.o(.text)
    USB_SIL_Read                             0x08005f5f   Thumb Code    36  usb_sil.o(.text)
    delay_init                               0x08005f8d   Thumb Code    46  delay.o(.text)
    delay_us                                 0x08005fbb   Thumb Code    46  delay.o(.text)
    delay_ms                                 0x08005fe9   Thumb Code    46  delay.o(.text)
    Sleep                                    0x08006017   Thumb Code    22  delay.o(.text)
    _sys_exit                                0x08006039   Thumb Code     2  usart.o(.text)
    fputc                                    0x0800603b   Thumb Code    18  usart.o(.text)
    uart_init                                0x0800604d   Thumb Code   156  usart.o(.text)
    USART1_Send_Hex                          0x080060e9   Thumb Code    26  usart.o(.text)
    USART1_Send_PartialCommand               0x08006103   Thumb Code    20  usart.o(.text)
    GetRecSwtich                             0x08006117   Thumb Code    94  usart.o(.text)
    USART1_IRQHandler                        0x08006175   Thumb Code   146  usart.o(.text)
    MYDMA_Config                             0x08006225   Thumb Code    74  dma.o(.text)
    MYDMA_Enable                             0x0800626f   Thumb Code    32  dma.o(.text)
    QUEUE_PacketCreate                       0x0800629d   Thumb Code    12  queue.o(.text)
    QUEUE_PacketIn                           0x080062a9   Thumb Code    48  queue.o(.text)
    QUEUE_PacketOut                          0x080062d9   Thumb Code    56  queue.o(.text)
    QUEUE_PacketLengthGet                    0x08006311   Thumb Code    40  queue.o(.text)
    QUEUE_PacketStartEndDifferentCharSplit   0x08006339   Thumb Code   182  queue.o(.text)
    QUEUE_PacketStartEndCharSplit            0x080063ef   Thumb Code   198  queue.o(.text)
    QUEUE_PacketCharSplit                    0x080064b5   Thumb Code   116  queue.o(.text)
    QUEUE_PacketDoubleEndCharSplit           0x08006529   Thumb Code   132  queue.o(.text)
    QUEUE_StructCreate                       0x080065ad   Thumb Code    20  queue.o(.text)
    QUEUE_StructIn                           0x080065c1   Thumb Code    68  queue.o(.text)
    QUEUE_StructOut                          0x08006605   Thumb Code    76  queue.o(.text)
    QUEUE_StructCountGet                     0x08006651   Thumb Code    34  queue.o(.text)
    Reset_Handler                            0x08006675   Thumb Code     8  startup_stm32f10x_md.o(.text)
    ADC1_2_IRQHandler                        0x0800668f   Thumb Code     0  startup_stm32f10x_md.o(.text)
    CAN1_RX1_IRQHandler                      0x0800668f   Thumb Code     0  startup_stm32f10x_md.o(.text)
    CAN1_SCE_IRQHandler                      0x0800668f   Thumb Code     0  startup_stm32f10x_md.o(.text)
    DMA1_Channel1_IRQHandler                 0x0800668f   Thumb Code     0  startup_stm32f10x_md.o(.text)
    DMA1_Channel2_IRQHandler                 0x0800668f   Thumb Code     0  startup_stm32f10x_md.o(.text)
    DMA1_Channel3_IRQHandler                 0x0800668f   Thumb Code     0  startup_stm32f10x_md.o(.text)
    DMA1_Channel4_IRQHandler                 0x0800668f   Thumb Code     0  startup_stm32f10x_md.o(.text)
    DMA1_Channel5_IRQHandler                 0x0800668f   Thumb Code     0  startup_stm32f10x_md.o(.text)
    DMA1_Channel6_IRQHandler                 0x0800668f   Thumb Code     0  startup_stm32f10x_md.o(.text)
    DMA1_Channel7_IRQHandler                 0x0800668f   Thumb Code     0  startup_stm32f10x_md.o(.text)
    EXTI1_IRQHandler                         0x0800668f   Thumb Code     0  startup_stm32f10x_md.o(.text)
    EXTI2_IRQHandler                         0x0800668f   Thumb Code     0  startup_stm32f10x_md.o(.text)
    EXTI4_IRQHandler                         0x0800668f   Thumb Code     0  startup_stm32f10x_md.o(.text)
    FLASH_IRQHandler                         0x0800668f   Thumb Code     0  startup_stm32f10x_md.o(.text)
    I2C1_ER_IRQHandler                       0x0800668f   Thumb Code     0  startup_stm32f10x_md.o(.text)
    I2C1_EV_IRQHandler                       0x0800668f   Thumb Code     0  startup_stm32f10x_md.o(.text)
    I2C2_ER_IRQHandler                       0x0800668f   Thumb Code     0  startup_stm32f10x_md.o(.text)
    I2C2_EV_IRQHandler                       0x0800668f   Thumb Code     0  startup_stm32f10x_md.o(.text)
    PVD_IRQHandler                           0x0800668f   Thumb Code     0  startup_stm32f10x_md.o(.text)
    RCC_IRQHandler                           0x0800668f   Thumb Code     0  startup_stm32f10x_md.o(.text)
    RTCAlarm_IRQHandler                      0x0800668f   Thumb Code     0  startup_stm32f10x_md.o(.text)
    RTC_IRQHandler                           0x0800668f   Thumb Code     0  startup_stm32f10x_md.o(.text)
    SPI1_IRQHandler                          0x0800668f   Thumb Code     0  startup_stm32f10x_md.o(.text)
    SPI2_IRQHandler                          0x0800668f   Thumb Code     0  startup_stm32f10x_md.o(.text)
    TAMPER_IRQHandler                        0x0800668f   Thumb Code     0  startup_stm32f10x_md.o(.text)
    TIM1_BRK_IRQHandler                      0x0800668f   Thumb Code     0  startup_stm32f10x_md.o(.text)
    TIM1_CC_IRQHandler                       0x0800668f   Thumb Code     0  startup_stm32f10x_md.o(.text)
    TIM1_TRG_COM_IRQHandler                  0x0800668f   Thumb Code     0  startup_stm32f10x_md.o(.text)
    TIM1_UP_IRQHandler                       0x0800668f   Thumb Code     0  startup_stm32f10x_md.o(.text)
    TIM2_IRQHandler                          0x0800668f   Thumb Code     0  startup_stm32f10x_md.o(.text)
    TIM3_IRQHandler                          0x0800668f   Thumb Code     0  startup_stm32f10x_md.o(.text)
    TIM4_IRQHandler                          0x0800668f   Thumb Code     0  startup_stm32f10x_md.o(.text)
    USART2_IRQHandler                        0x0800668f   Thumb Code     0  startup_stm32f10x_md.o(.text)
    USART3_IRQHandler                        0x0800668f   Thumb Code     0  startup_stm32f10x_md.o(.text)
    USB_HP_CAN1_TX_IRQHandler                0x0800668f   Thumb Code     0  startup_stm32f10x_md.o(.text)
    WWDG_IRQHandler                          0x0800668f   Thumb Code     0  startup_stm32f10x_md.o(.text)
    __user_initial_stackheap                 0x08006691   Thumb Code     0  startup_stm32f10x_md.o(.text)
    SystemInit                               0x08006755   Thumb Code    64  system_stm32f10x.o(.text)
    SystemCoreClockUpdate                    0x08006795   Thumb Code    84  system_stm32f10x.o(.text)
    NVIC_PriorityGroupConfig                 0x08006809   Thumb Code    10  misc.o(.text)
    NVIC_Init                                0x08006813   Thumb Code    94  misc.o(.text)
    NVIC_SetVectorTable                      0x08006871   Thumb Code    14  misc.o(.text)
    NVIC_SystemLPConfig                      0x0800687f   Thumb Code    20  misc.o(.text)
    SysTick_CLKSourceConfig                  0x08006893   Thumb Code    24  misc.o(.text)
    DMA_DeInit                               0x080068b9   Thumb Code   218  stm32f10x_dma.o(.text)
    DMA_Init                                 0x08006993   Thumb Code    58  stm32f10x_dma.o(.text)
    DMA_StructInit                           0x080069cd   Thumb Code    26  stm32f10x_dma.o(.text)
    DMA_Cmd                                  0x080069e7   Thumb Code    22  stm32f10x_dma.o(.text)
    DMA_ITConfig                             0x080069fd   Thumb Code    16  stm32f10x_dma.o(.text)
    DMA_SetCurrDataCounter                   0x08006a0d   Thumb Code     4  stm32f10x_dma.o(.text)
    DMA_GetCurrDataCounter                   0x08006a11   Thumb Code     6  stm32f10x_dma.o(.text)
    DMA_GetFlagStatus                        0x08006a17   Thumb Code    28  stm32f10x_dma.o(.text)
    DMA_ClearFlag                            0x08006a33   Thumb Code    20  stm32f10x_dma.o(.text)
    DMA_GetITStatus                          0x08006a47   Thumb Code    28  stm32f10x_dma.o(.text)
    DMA_ClearITPendingBit                    0x08006a63   Thumb Code    20  stm32f10x_dma.o(.text)
    EXTI_DeInit                              0x08006a81   Thumb Code    28  stm32f10x_exti.o(.text)
    EXTI_Init                                0x08006a9d   Thumb Code   108  stm32f10x_exti.o(.text)
    EXTI_StructInit                          0x08006b09   Thumb Code    14  stm32f10x_exti.o(.text)
    EXTI_GenerateSWInterrupt                 0x08006b17   Thumb Code    12  stm32f10x_exti.o(.text)
    EXTI_GetFlagStatus                       0x08006b23   Thumb Code    18  stm32f10x_exti.o(.text)
    EXTI_ClearFlag                           0x08006b35   Thumb Code     8  stm32f10x_exti.o(.text)
    EXTI_GetITStatus                         0x08006b3d   Thumb Code    28  stm32f10x_exti.o(.text)
    EXTI_ClearITPendingBit                   0x08006b59   Thumb Code     8  stm32f10x_exti.o(.text)
    FLASH_SetLatency                         0x08006b69   Thumb Code    14  stm32f10x_flash.o(.text)
    FLASH_HalfCycleAccessCmd                 0x08006b77   Thumb Code    18  stm32f10x_flash.o(.text)
    FLASH_PrefetchBufferCmd                  0x08006b89   Thumb Code    18  stm32f10x_flash.o(.text)
    FLASH_Unlock                             0x08006b9b   Thumb Code    12  stm32f10x_flash.o(.text)
    FLASH_UnlockBank1                        0x08006ba7   Thumb Code    12  stm32f10x_flash.o(.text)
    FLASH_Lock                               0x08006bb3   Thumb Code    12  stm32f10x_flash.o(.text)
    FLASH_LockBank1                          0x08006bbf   Thumb Code    12  stm32f10x_flash.o(.text)
    FLASH_GetBank1Status                     0x08006bcb   Thumb Code    34  stm32f10x_flash.o(.text)
    FLASH_WaitForLastOperation               0x08006bed   Thumb Code    36  stm32f10x_flash.o(.text)
    FLASH_ErasePage                          0x08006c11   Thumb Code    56  stm32f10x_flash.o(.text)
    FLASH_EraseAllPages                      0x08006c49   Thumb Code    52  stm32f10x_flash.o(.text)
    FLASH_WaitForLastBank1Operation          0x08006c7d   Thumb Code    36  stm32f10x_flash.o(.text)
    FLASH_EraseAllBank1Pages                 0x08006ca1   Thumb Code    52  stm32f10x_flash.o(.text)
    FLASH_GetReadOutProtectionStatus         0x08006cd5   Thumb Code    14  stm32f10x_flash.o(.text)
    FLASH_EraseOptionBytes                   0x08006ce3   Thumb Code   108  stm32f10x_flash.o(.text)
    FLASH_ProgramWord                        0x08006d4f   Thumb Code    72  stm32f10x_flash.o(.text)
    FLASH_ProgramHalfWord                    0x08006d97   Thumb Code    48  stm32f10x_flash.o(.text)
    FLASH_ProgramOptionByteData              0x08006dc7   Thumb Code    62  stm32f10x_flash.o(.text)
    FLASH_EnableWriteProtection              0x08006e05   Thumb Code   150  stm32f10x_flash.o(.text)
    FLASH_ReadOutProtection                  0x08006e9b   Thumb Code   118  stm32f10x_flash.o(.text)
    FLASH_UserOptionByteConfig               0x08006f11   Thumb Code    92  stm32f10x_flash.o(.text)
    FLASH_GetUserOptionByte                  0x08006f6d   Thumb Code     8  stm32f10x_flash.o(.text)
    FLASH_GetWriteProtectionOptionByte       0x08006f75   Thumb Code     6  stm32f10x_flash.o(.text)
    FLASH_GetPrefetchBufferStatus            0x08006f7b   Thumb Code    14  stm32f10x_flash.o(.text)
    FLASH_ITConfig                           0x08006f89   Thumb Code    18  stm32f10x_flash.o(.text)
    FLASH_GetFlagStatus                      0x08006f9b   Thumb Code    28  stm32f10x_flash.o(.text)
    FLASH_ClearFlag                          0x08006fb7   Thumb Code     6  stm32f10x_flash.o(.text)
    FLASH_GetStatus                          0x08006fbd   Thumb Code    34  stm32f10x_flash.o(.text)
    GPIO_DeInit                              0x08006fe5   Thumb Code   152  stm32f10x_gpio.o(.text)
    GPIO_AFIODeInit                          0x0800707d   Thumb Code    22  stm32f10x_gpio.o(.text)
    GPIO_Init                                0x08007093   Thumb Code   164  stm32f10x_gpio.o(.text)
    GPIO_StructInit                          0x08007137   Thumb Code    16  stm32f10x_gpio.o(.text)
    GPIO_ReadInputDataBit                    0x08007147   Thumb Code    14  stm32f10x_gpio.o(.text)
    GPIO_ReadInputData                       0x08007155   Thumb Code     6  stm32f10x_gpio.o(.text)
    GPIO_ReadOutputDataBit                   0x0800715b   Thumb Code    14  stm32f10x_gpio.o(.text)
    GPIO_ReadOutputData                      0x08007169   Thumb Code     6  stm32f10x_gpio.o(.text)
    GPIO_SetBits                             0x0800716f   Thumb Code     4  stm32f10x_gpio.o(.text)
    GPIO_ResetBits                           0x08007173   Thumb Code     4  stm32f10x_gpio.o(.text)
    GPIO_WriteBit                            0x08007177   Thumb Code    10  stm32f10x_gpio.o(.text)
    GPIO_Write                               0x08007181   Thumb Code     4  stm32f10x_gpio.o(.text)
    GPIO_PinLockConfig                       0x08007185   Thumb Code    16  stm32f10x_gpio.o(.text)
    GPIO_EventOutputConfig                   0x08007195   Thumb Code    22  stm32f10x_gpio.o(.text)
    GPIO_EventOutputCmd                      0x080071ab   Thumb Code     6  stm32f10x_gpio.o(.text)
    GPIO_PinRemapConfig                      0x080071b1   Thumb Code    82  stm32f10x_gpio.o(.text)
    GPIO_EXTILineConfig                      0x08007203   Thumb Code    34  stm32f10x_gpio.o(.text)
    GPIO_ETH_MediaInterfaceConfig            0x08007225   Thumb Code     8  stm32f10x_gpio.o(.text)
    RCC_DeInit                               0x08007251   Thumb Code    50  stm32f10x_rcc.o(.text)
    RCC_HSEConfig                            0x08007283   Thumb Code    48  stm32f10x_rcc.o(.text)
    RCC_GetFlagStatus                        0x080072b3   Thumb Code    42  stm32f10x_rcc.o(.text)
    RCC_WaitForHSEStartUp                    0x080072dd   Thumb Code    44  stm32f10x_rcc.o(.text)
    RCC_AdjustHSICalibrationValue            0x08007309   Thumb Code    16  stm32f10x_rcc.o(.text)
    RCC_HSICmd                               0x08007319   Thumb Code     6  stm32f10x_rcc.o(.text)
    RCC_PLLConfig                            0x0800731f   Thumb Code    16  stm32f10x_rcc.o(.text)
    RCC_PLLCmd                               0x0800732f   Thumb Code     6  stm32f10x_rcc.o(.text)
    RCC_SYSCLKConfig                         0x08007335   Thumb Code    14  stm32f10x_rcc.o(.text)
    RCC_GetSYSCLKSource                      0x08007343   Thumb Code    10  stm32f10x_rcc.o(.text)
    RCC_HCLKConfig                           0x0800734d   Thumb Code    14  stm32f10x_rcc.o(.text)
    RCC_PCLK1Config                          0x0800735b   Thumb Code    14  stm32f10x_rcc.o(.text)
    RCC_PCLK2Config                          0x08007369   Thumb Code    16  stm32f10x_rcc.o(.text)
    RCC_ITConfig                             0x08007379   Thumb Code    18  stm32f10x_rcc.o(.text)
    RCC_USBCLKConfig                         0x0800738b   Thumb Code     8  stm32f10x_rcc.o(.text)
    RCC_ADCCLKConfig                         0x08007393   Thumb Code    14  stm32f10x_rcc.o(.text)
    RCC_LSEConfig                            0x080073a1   Thumb Code    28  stm32f10x_rcc.o(.text)
    RCC_LSICmd                               0x080073bd   Thumb Code     6  stm32f10x_rcc.o(.text)
    RCC_RTCCLKConfig                         0x080073c3   Thumb Code    10  stm32f10x_rcc.o(.text)
    RCC_RTCCLKCmd                            0x080073cd   Thumb Code     8  stm32f10x_rcc.o(.text)
    RCC_GetClocksFreq                        0x080073d5   Thumb Code   128  stm32f10x_rcc.o(.text)
    RCC_AHBPeriphClockCmd                    0x08007455   Thumb Code    18  stm32f10x_rcc.o(.text)
    RCC_APB2PeriphClockCmd                   0x08007467   Thumb Code    18  stm32f10x_rcc.o(.text)
    RCC_APB1PeriphClockCmd                   0x08007479   Thumb Code    18  stm32f10x_rcc.o(.text)
    RCC_APB2PeriphResetCmd                   0x0800748b   Thumb Code    18  stm32f10x_rcc.o(.text)
    RCC_APB1PeriphResetCmd                   0x0800749d   Thumb Code    18  stm32f10x_rcc.o(.text)
    RCC_BackupResetCmd                       0x080074af   Thumb Code     8  stm32f10x_rcc.o(.text)
    RCC_ClockSecuritySystemCmd               0x080074b7   Thumb Code     6  stm32f10x_rcc.o(.text)
    RCC_MCOConfig                            0x080074bd   Thumb Code     6  stm32f10x_rcc.o(.text)
    RCC_ClearFlag                            0x080074c3   Thumb Code    12  stm32f10x_rcc.o(.text)
    RCC_GetITStatus                          0x080074cf   Thumb Code    16  stm32f10x_rcc.o(.text)
    RCC_ClearITPendingBit                    0x080074df   Thumb Code     6  stm32f10x_rcc.o(.text)
    SPI_I2S_DeInit                           0x08007505   Thumb Code    72  stm32f10x_spi.o(.text)
    SPI_Init                                 0x0800754d   Thumb Code    56  stm32f10x_spi.o(.text)
    I2S_Init                                 0x08007585   Thumb Code   152  stm32f10x_spi.o(.text)
    SPI_StructInit                           0x0800761d   Thumb Code    24  stm32f10x_spi.o(.text)
    I2S_StructInit                           0x08007635   Thumb Code    18  stm32f10x_spi.o(.text)
    SPI_Cmd                                  0x08007647   Thumb Code    20  stm32f10x_spi.o(.text)
    I2S_Cmd                                  0x0800765b   Thumb Code    20  stm32f10x_spi.o(.text)
    SPI_I2S_ITConfig                         0x0800766f   Thumb Code    24  stm32f10x_spi.o(.text)
    SPI_I2S_DMACmd                           0x08007687   Thumb Code    16  stm32f10x_spi.o(.text)
    SPI_I2S_SendData                         0x08007697   Thumb Code     4  stm32f10x_spi.o(.text)
    SPI_I2S_ReceiveData                      0x0800769b   Thumb Code     4  stm32f10x_spi.o(.text)
    SPI_NSSInternalSoftwareConfig            0x0800769f   Thumb Code    24  stm32f10x_spi.o(.text)
    SPI_SSOutputCmd                          0x080076b7   Thumb Code    20  stm32f10x_spi.o(.text)
    SPI_DataSizeConfig                       0x080076cb   Thumb Code    16  stm32f10x_spi.o(.text)
    SPI_TransmitCRC                          0x080076db   Thumb Code    10  stm32f10x_spi.o(.text)
    SPI_CalculateCRC                         0x080076e5   Thumb Code    20  stm32f10x_spi.o(.text)
    SPI_GetCRC                               0x080076f9   Thumb Code    12  stm32f10x_spi.o(.text)
    SPI_GetCRCPolynomial                     0x08007705   Thumb Code     4  stm32f10x_spi.o(.text)
    SPI_BiDirectionalLineConfig              0x08007709   Thumb Code    22  stm32f10x_spi.o(.text)
    SPI_I2S_GetFlagStatus                    0x0800771f   Thumb Code    14  stm32f10x_spi.o(.text)
    SPI_I2S_ClearFlag                        0x0800772d   Thumb Code     6  stm32f10x_spi.o(.text)
    SPI_I2S_GetITStatus                      0x08007733   Thumb Code    42  stm32f10x_spi.o(.text)
    SPI_I2S_ClearITPendingBit                0x0800775d   Thumb Code    14  stm32f10x_spi.o(.text)
    TIM_DeInit                               0x08007779   Thumb Code   304  stm32f10x_tim.o(.text)
    TIM_TimeBaseInit                         0x080078a9   Thumb Code   114  stm32f10x_tim.o(.text)
    TIM_OC1Init                              0x0800791b   Thumb Code   106  stm32f10x_tim.o(.text)
    TIM_OC2Init                              0x08007985   Thumb Code   120  stm32f10x_tim.o(.text)
    TIM_OC3Init                              0x080079fd   Thumb Code   116  stm32f10x_tim.o(.text)
    TIM_OC4Init                              0x08007a71   Thumb Code    90  stm32f10x_tim.o(.text)
    TIM_SetIC4Prescaler                      0x08007acb   Thumb Code    24  stm32f10x_tim.o(.text)
    TIM_SetIC3Prescaler                      0x08007ae3   Thumb Code    16  stm32f10x_tim.o(.text)
    TIM_SetIC2Prescaler                      0x08007af3   Thumb Code    24  stm32f10x_tim.o(.text)
    TIM_SetIC1Prescaler                      0x08007bb1   Thumb Code    16  stm32f10x_tim.o(.text)
    TIM_ICInit                               0x08007c19   Thumb Code   272  stm32f10x_tim.o(.text)
    TIM_PWMIConfig                           0x08007d29   Thumb Code   104  stm32f10x_tim.o(.text)
    TIM_BDTRConfig                           0x08007d91   Thumb Code    34  stm32f10x_tim.o(.text)
    TIM_TimeBaseStructInit                   0x08007db3   Thumb Code    18  stm32f10x_tim.o(.text)
    TIM_OCStructInit                         0x08007dc5   Thumb Code    20  stm32f10x_tim.o(.text)
    TIM_ICStructInit                         0x08007dd9   Thumb Code    16  stm32f10x_tim.o(.text)
    TIM_BDTRStructInit                       0x08007de9   Thumb Code    18  stm32f10x_tim.o(.text)
    TIM_Cmd                                  0x08007dfb   Thumb Code    20  stm32f10x_tim.o(.text)
    TIM_CtrlPWMOutputs                       0x08007e0f   Thumb Code    22  stm32f10x_tim.o(.text)
    TIM_ITConfig                             0x08007e25   Thumb Code    16  stm32f10x_tim.o(.text)
    TIM_GenerateEvent                        0x08007e35   Thumb Code     4  stm32f10x_tim.o(.text)
    TIM_DMAConfig                            0x08007e39   Thumb Code     8  stm32f10x_tim.o(.text)
    TIM_DMACmd                               0x08007e41   Thumb Code    16  stm32f10x_tim.o(.text)
    TIM_InternalClockConfig                  0x08007e51   Thumb Code    10  stm32f10x_tim.o(.text)
    TIM_SelectInputTrigger                   0x08007e5b   Thumb Code    12  stm32f10x_tim.o(.text)
    TIM_ITRxExternalClockConfig              0x08007e67   Thumb Code    18  stm32f10x_tim.o(.text)
    TIM_TIxExternalClockConfig               0x08007e79   Thumb Code    46  stm32f10x_tim.o(.text)
    TIM_ETRConfig                            0x08007ea7   Thumb Code    24  stm32f10x_tim.o(.text)
    TIM_ETRClockMode1Config                  0x08007ebf   Thumb Code    18  stm32f10x_tim.o(.text)
    TIM_ETRClockMode2Config                  0x08007ed1   Thumb Code    18  stm32f10x_tim.o(.text)
    TIM_PrescalerConfig                      0x08007ee3   Thumb Code     6  stm32f10x_tim.o(.text)
    TIM_CounterModeConfig                    0x08007ee9   Thumb Code    12  stm32f10x_tim.o(.text)
    TIM_EncoderInterfaceConfig               0x08007ef5   Thumb Code    50  stm32f10x_tim.o(.text)
    TIM_ForcedOC1Config                      0x08007f27   Thumb Code    12  stm32f10x_tim.o(.text)
    TIM_ForcedOC2Config                      0x08007f33   Thumb Code    20  stm32f10x_tim.o(.text)
    TIM_ForcedOC3Config                      0x08007f47   Thumb Code    12  stm32f10x_tim.o(.text)
    TIM_ForcedOC4Config                      0x08007f53   Thumb Code    20  stm32f10x_tim.o(.text)
    TIM_ARRPreloadConfig                     0x08007f67   Thumb Code    20  stm32f10x_tim.o(.text)
    TIM_SelectCOM                            0x08007f7b   Thumb Code    20  stm32f10x_tim.o(.text)
    TIM_SelectCCDMA                          0x08007f8f   Thumb Code    20  stm32f10x_tim.o(.text)
    TIM_CCPreloadControl                     0x08007fa3   Thumb Code    20  stm32f10x_tim.o(.text)
    TIM_OC1PreloadConfig                     0x08007fb7   Thumb Code    34  stm32f10x_tim.o(.text)
    TIM_OC2PreloadConfig                     0x08007fd9   Thumb Code    20  stm32f10x_tim.o(.text)
    TIM_OC3PreloadConfig                     0x08007fed   Thumb Code    12  stm32f10x_tim.o(.text)
    TIM_OC4PreloadConfig                     0x08007ff9   Thumb Code    20  stm32f10x_tim.o(.text)
    TIM_OC1FastConfig                        0x0800800d   Thumb Code    12  stm32f10x_tim.o(.text)
    TIM_OC2FastConfig                        0x08008019   Thumb Code    20  stm32f10x_tim.o(.text)
    TIM_OC3FastConfig                        0x0800802d   Thumb Code    12  stm32f10x_tim.o(.text)
    TIM_OC4FastConfig                        0x08008039   Thumb Code    20  stm32f10x_tim.o(.text)
    TIM_ClearOC1Ref                          0x0800804d   Thumb Code    12  stm32f10x_tim.o(.text)
    TIM_ClearOC2Ref                          0x08008059   Thumb Code    20  stm32f10x_tim.o(.text)
    TIM_ClearOC3Ref                          0x0800806d   Thumb Code    12  stm32f10x_tim.o(.text)
    TIM_ClearOC4Ref                          0x08008079   Thumb Code    20  stm32f10x_tim.o(.text)
    TIM_OC1PolarityConfig                    0x0800808d   Thumb Code    12  stm32f10x_tim.o(.text)
    TIM_OC1NPolarityConfig                   0x08008099   Thumb Code    12  stm32f10x_tim.o(.text)
    TIM_OC2PolarityConfig                    0x080080a5   Thumb Code    20  stm32f10x_tim.o(.text)
    TIM_OC2NPolarityConfig                   0x080080b9   Thumb Code    20  stm32f10x_tim.o(.text)
    TIM_OC3PolarityConfig                    0x080080cd   Thumb Code    20  stm32f10x_tim.o(.text)
    TIM_OC3NPolarityConfig                   0x080080e1   Thumb Code    20  stm32f10x_tim.o(.text)
    TIM_OC4PolarityConfig                    0x080080f5   Thumb Code    20  stm32f10x_tim.o(.text)
    TIM_CCxCmd                               0x08008109   Thumb Code    22  stm32f10x_tim.o(.text)
    TIM_CCxNCmd                              0x0800811f   Thumb Code    22  stm32f10x_tim.o(.text)
    TIM_SelectOCxM                           0x08008135   Thumb Code    70  stm32f10x_tim.o(.text)
    TIM_UpdateDisableConfig                  0x0800817b   Thumb Code    20  stm32f10x_tim.o(.text)
    TIM_UpdateRequestConfig                  0x0800818f   Thumb Code    20  stm32f10x_tim.o(.text)
    TIM_SelectHallSensor                     0x080081a3   Thumb Code    20  stm32f10x_tim.o(.text)
    TIM_SelectOnePulseMode                   0x080081b7   Thumb Code    16  stm32f10x_tim.o(.text)
    TIM_SelectOutputTrigger                  0x080081c7   Thumb Code    16  stm32f10x_tim.o(.text)
    TIM_SelectSlaveMode                      0x080081d7   Thumb Code    16  stm32f10x_tim.o(.text)
    TIM_SelectMasterSlaveMode                0x080081e7   Thumb Code    16  stm32f10x_tim.o(.text)
    TIM_SetCounter                           0x080081f7   Thumb Code     4  stm32f10x_tim.o(.text)
    TIM_SetAutoreload                        0x080081fb   Thumb Code     4  stm32f10x_tim.o(.text)
    TIM_SetCompare1                          0x080081ff   Thumb Code     4  stm32f10x_tim.o(.text)
    TIM_SetCompare2                          0x08008203   Thumb Code     4  stm32f10x_tim.o(.text)
    TIM_SetCompare3                          0x08008207   Thumb Code     4  stm32f10x_tim.o(.text)
    TIM_SetCompare4                          0x0800820b   Thumb Code     6  stm32f10x_tim.o(.text)
    TIM_SetClockDivision                     0x08008211   Thumb Code    16  stm32f10x_tim.o(.text)
    TIM_GetCapture1                          0x08008221   Thumb Code     4  stm32f10x_tim.o(.text)
    TIM_GetCapture2                          0x08008225   Thumb Code     4  stm32f10x_tim.o(.text)
    TIM_GetCapture3                          0x08008229   Thumb Code     4  stm32f10x_tim.o(.text)
    TIM_GetCapture4                          0x0800822d   Thumb Code     6  stm32f10x_tim.o(.text)
    TIM_GetCounter                           0x08008233   Thumb Code     4  stm32f10x_tim.o(.text)
    TIM_GetPrescaler                         0x08008237   Thumb Code     4  stm32f10x_tim.o(.text)
    TIM_GetFlagStatus                        0x0800823b   Thumb Code    14  stm32f10x_tim.o(.text)
    TIM_ClearFlag                            0x08008249   Thumb Code     6  stm32f10x_tim.o(.text)
    TIM_GetITStatus                          0x0800824f   Thumb Code    24  stm32f10x_tim.o(.text)
    TIM_ClearITPendingBit                    0x08008267   Thumb Code     6  stm32f10x_tim.o(.text)
    USART_DeInit                             0x0800826d   Thumb Code    96  stm32f10x_usart.o(.text)
    USART_Init                               0x080082cd   Thumb Code   166  stm32f10x_usart.o(.text)
    USART_StructInit                         0x08008373   Thumb Code    22  stm32f10x_usart.o(.text)
    USART_ClockInit                          0x08008389   Thumb Code    30  stm32f10x_usart.o(.text)
    USART_ClockStructInit                    0x080083a7   Thumb Code    12  stm32f10x_usart.o(.text)
    USART_Cmd                                0x080083b3   Thumb Code    20  stm32f10x_usart.o(.text)
    USART_ITConfig                           0x080083c7   Thumb Code    48  stm32f10x_usart.o(.text)
    USART_DMACmd                             0x080083f7   Thumb Code    16  stm32f10x_usart.o(.text)
    USART_SetAddress                         0x08008407   Thumb Code    16  stm32f10x_usart.o(.text)
    USART_WakeUpConfig                       0x08008417   Thumb Code    16  stm32f10x_usart.o(.text)
    USART_ReceiverWakeUpCmd                  0x08008427   Thumb Code    20  stm32f10x_usart.o(.text)
    USART_LINBreakDetectLengthConfig         0x0800843b   Thumb Code    16  stm32f10x_usart.o(.text)
    USART_LINCmd                             0x0800844b   Thumb Code    20  stm32f10x_usart.o(.text)
    USART_SendData                           0x0800845f   Thumb Code     8  stm32f10x_usart.o(.text)
    USART_ReceiveData                        0x08008467   Thumb Code     8  stm32f10x_usart.o(.text)
    USART_SendBreak                          0x0800846f   Thumb Code    10  stm32f10x_usart.o(.text)
    USART_SetGuardTime                       0x08008479   Thumb Code    16  stm32f10x_usart.o(.text)
    USART_SetPrescaler                       0x08008489   Thumb Code    16  stm32f10x_usart.o(.text)
    USART_SmartCardCmd                       0x08008499   Thumb Code    20  stm32f10x_usart.o(.text)
    USART_SmartCardNACKCmd                   0x080084ad   Thumb Code    20  stm32f10x_usart.o(.text)
    USART_HalfDuplexCmd                      0x080084c1   Thumb Code    20  stm32f10x_usart.o(.text)
    USART_OverSampling8Cmd                   0x080084d5   Thumb Code    20  stm32f10x_usart.o(.text)
    USART_OneBitMethodCmd                    0x080084e9   Thumb Code    20  stm32f10x_usart.o(.text)
    USART_IrDAConfig                         0x080084fd   Thumb Code    16  stm32f10x_usart.o(.text)
    USART_IrDACmd                            0x0800850d   Thumb Code    20  stm32f10x_usart.o(.text)
    USART_GetFlagStatus                      0x08008521   Thumb Code    14  stm32f10x_usart.o(.text)
    USART_ClearFlag                          0x0800852f   Thumb Code     6  stm32f10x_usart.o(.text)
    USART_GetITStatus                        0x08008535   Thumb Code    62  stm32f10x_usart.o(.text)
    USART_ClearITPendingBit                  0x08008573   Thumb Code    12  stm32f10x_usart.o(.text)
    __use_no_semihosting                     0x08008595   Thumb Code     2  use_no_semi_2.o(.text)
    __2printf                                0x08008599   Thumb Code    20  __2printf.o(.text)
    __2sprintf                               0x080085b1   Thumb Code    38  __2sprintf.o(.text)
    _printf_pre_padding                      0x080085dd   Thumb Code    44  _printf_pad.o(.text)
    _printf_post_padding                     0x08008609   Thumb Code    34  _printf_pad.o(.text)
    _printf_str                              0x0800862b   Thumb Code    82  _printf_str.o(.text)
    _printf_int_dec                          0x0800867d   Thumb Code   104  _printf_dec.o(.text)
    _printf_int_hex                          0x080086f5   Thumb Code    84  _printf_hex_int.o(.text)
    _printf_longlong_hex                     0x080086f5   Thumb Code     0  _printf_hex_int.o(.text)
    __printf                                 0x0800874d   Thumb Code   308  __printf_flags_wp.o(.text)
    __aeabi_memcpy                           0x08008885   Thumb Code     0  rt_memcpy_v6.o(.text)
    __rt_memcpy                              0x08008885   Thumb Code   138  rt_memcpy_v6.o(.text)
    _memcpy_lastbytes                        0x080088eb   Thumb Code     0  rt_memcpy_v6.o(.text)
    __aeabi_memcpy4                          0x0800890f   Thumb Code     0  rt_memcpy_w.o(.text)
    __aeabi_memcpy8                          0x0800890f   Thumb Code     0  rt_memcpy_w.o(.text)
    __rt_memcpy_w                            0x0800890f   Thumb Code   100  rt_memcpy_w.o(.text)
    _memcpy_lastbytes_aligned                0x08008957   Thumb Code     0  rt_memcpy_w.o(.text)
    __aeabi_memclr4                          0x08008973   Thumb Code     0  rt_memclr_w.o(.text)
    __aeabi_memclr8                          0x08008973   Thumb Code     0  rt_memclr_w.o(.text)
    __rt_memclr_w                            0x08008973   Thumb Code    78  rt_memclr_w.o(.text)
    _memset_w                                0x08008977   Thumb Code     0  rt_memclr_w.o(.text)
    __use_two_region_memory                  0x080089c1   Thumb Code     2  heapauxi.o(.text)
    __rt_heap_escrow$2region                 0x080089c3   Thumb Code     2  heapauxi.o(.text)
    __rt_heap_expand$2region                 0x080089c5   Thumb Code     2  heapauxi.o(.text)
    __I$use$semihosting                      0x080089c7   Thumb Code     0  use_no_semi.o(.text)
    __use_no_semihosting_swi                 0x080089c7   Thumb Code     2  use_no_semi.o(.text)
    _printf_int_common                       0x080089c9   Thumb Code   178  _printf_intcommon.o(.text)
    _printf_char_common                      0x08008a87   Thumb Code    32  _printf_char_common.o(.text)
    _sputc                                   0x08008aad   Thumb Code    10  _sputc.o(.text)
    _printf_cs_common                        0x08008ab7   Thumb Code    20  _printf_char.o(.text)
    _printf_char                             0x08008acb   Thumb Code    16  _printf_char.o(.text)
    _printf_string                           0x08008adb   Thumb Code     8  _printf_char.o(.text)
    _printf_char_file                        0x08008ae5   Thumb Code    32  _printf_char_file.o(.text)
    ferror                                   0x08008b09   Thumb Code     8  ferror.o(.text)
    __user_setup_stackheap                   0x08008b11   Thumb Code    74  sys_stackheap_outer.o(.text)
    exit                                     0x08008b5b   Thumb Code    18  exit.o(.text)
    __user_libspace                          0x08008b6d   Thumb Code     8  libspace.o(.text)
    __user_perproc_libspace                  0x08008b6d   Thumb Code     0  libspace.o(.text)
    __user_perthread_libspace                0x08008b6d   Thumb Code     0  libspace.o(.text)
    _is_digit                                0x08008b75   Thumb Code    14  __printf_wp.o(i._is_digit)
    ceil                                     0x08008b85   Thumb Code   204  ceil.o(i.ceil)
    __aeabi_d2f                              0x08008c61   Thumb Code     0  d2f.o(x$fpl$d2f)
    _d2f                                     0x08008c61   Thumb Code    98  d2f.o(x$fpl$d2f)
    __aeabi_dadd                             0x08008cc5   Thumb Code     0  daddsub_clz.o(x$fpl$dadd)
    _dadd                                    0x08008cc5   Thumb Code   332  daddsub_clz.o(x$fpl$dadd)
    __fpl_dcheck_NaN1                        0x08008e15   Thumb Code    10  dcheck1.o(x$fpl$dcheck1)
    __fpl_dcmp_Inf                           0x08008e25   Thumb Code    24  dcmpi.o(x$fpl$dcmpinf)
    __aeabi_ddiv                             0x08008e3d   Thumb Code     0  ddiv.o(x$fpl$ddiv)
    _ddiv                                    0x08008e3d   Thumb Code   552  ddiv.o(x$fpl$ddiv)
    __aeabi_d2iz                             0x080090ed   Thumb Code     0  dfix.o(x$fpl$dfix)
    _dfix                                    0x080090ed   Thumb Code    94  dfix.o(x$fpl$dfix)
    __aeabi_i2d                              0x0800914b   Thumb Code     0  dflt_clz.o(x$fpl$dflt)
    _dflt                                    0x0800914b   Thumb Code    46  dflt_clz.o(x$fpl$dflt)
    __aeabi_l2d                              0x08009179   Thumb Code     0  dfltll_clz.o(x$fpl$dfltll)
    _ll_sto_d                                0x08009179   Thumb Code   162  dfltll_clz.o(x$fpl$dfltll)
    __aeabi_ui2d                             0x0800921b   Thumb Code     0  dflt_clz.o(x$fpl$dfltu)
    _dfltu                                   0x0800921b   Thumb Code    38  dflt_clz.o(x$fpl$dfltu)
    __aeabi_cdcmple                          0x08009241   Thumb Code     0  dleqf.o(x$fpl$dleqf)
    _dcmple                                  0x08009241   Thumb Code   120  dleqf.o(x$fpl$dleqf)
    __fpl_dcmple_InfNaN                      0x080092a3   Thumb Code     0  dleqf.o(x$fpl$dleqf)
    __aeabi_dmul                             0x080092b9   Thumb Code     0  dmul.o(x$fpl$dmul)
    _dmul                                    0x080092b9   Thumb Code   332  dmul.o(x$fpl$dmul)
    __fpl_dnaninf                            0x0800940d   Thumb Code   156  dnaninf.o(x$fpl$dnaninf)
    __fpl_dretinf                            0x080094a9   Thumb Code    12  dretinf.o(x$fpl$dretinf)
    __aeabi_cdrcmple                         0x080094b5   Thumb Code     0  drleqf.o(x$fpl$drleqf)
    _drcmple                                 0x080094b5   Thumb Code   108  drleqf.o(x$fpl$drleqf)
    __aeabi_drsub                            0x08009521   Thumb Code     0  daddsub_clz.o(x$fpl$drsb)
    _drsb                                    0x08009521   Thumb Code    22  daddsub_clz.o(x$fpl$drsb)
    __aeabi_dsub                             0x08009539   Thumb Code     0  daddsub_clz.o(x$fpl$dsub)
    _dsub                                    0x08009539   Thumb Code   464  daddsub_clz.o(x$fpl$dsub)
    __aeabi_f2d                              0x0800970d   Thumb Code     0  f2d.o(x$fpl$f2d)
    _f2d                                     0x0800970d   Thumb Code    86  f2d.o(x$fpl$f2d)
    __aeabi_fadd                             0x08009765   Thumb Code     0  faddsub_clz.o(x$fpl$fadd)
    _fadd                                    0x08009765   Thumb Code   196  faddsub_clz.o(x$fpl$fadd)
    __fpl_fcheck_NaN1                        0x08009829   Thumb Code     6  fcheck1.o(x$fpl$fcheck1)
    __aeabi_fdiv                             0x08009835   Thumb Code     0  fdiv.o(x$fpl$fdiv)
    _fdiv                                    0x08009835   Thumb Code   384  fdiv.o(x$fpl$fdiv)
    __aeabi_i2f                              0x080099b9   Thumb Code     0  fflt_clz.o(x$fpl$fflt)
    _fflt                                    0x080099b9   Thumb Code    48  fflt_clz.o(x$fpl$fflt)
    __aeabi_fmul                             0x080099e9   Thumb Code     0  fmul.o(x$fpl$fmul)
    _fmul                                    0x080099e9   Thumb Code   258  fmul.o(x$fpl$fmul)
    __fpl_fnaninf                            0x08009aeb   Thumb Code   140  fnaninf.o(x$fpl$fnaninf)
    __fpl_fretinf                            0x08009b77   Thumb Code    10  fretinf.o(x$fpl$fretinf)
    __aeabi_fsub                             0x08009b81   Thumb Code     0  faddsub_clz.o(x$fpl$fsub)
    _fsub                                    0x08009b81   Thumb Code   234  faddsub_clz.o(x$fpl$fsub)
    __aeabi_d2ulz                            0x08009c6d   Thumb Code     0  dfixull.o(x$fpl$llufromd)
    _ll_ufrom_d                              0x08009c6d   Thumb Code   120  dfixull.o(x$fpl$llufromd)
    __fpl_return_NaN                         0x08009ce5   Thumb Code   100  retnan.o(x$fpl$retnan)
    __ARM_scalbn                             0x08009d49   Thumb Code    92  scalbn.o(x$fpl$scalbn)
    __ARM_scalbnf                            0x08009da5   Thumb Code    76  scalbnf.o(x$fpl$scalbnf)
    __fpl_cmpreturn                          0x08009df1   Thumb Code    48  trapv.o(x$fpl$trapveneer)
    __I$use$fp                               0x08009e20   Number         0  usenofp.o(x$fpl$usenofp)
    txSpectrumConfig                         0x08009e20   Data          96  instance_calib.o(.constdata)
    rfDelays                                 0x08009e80   Data           4  instance_calib.o(.constdata)
    rfDelaysTREK                             0x08009e84   Data           4  instance_calib.o(.constdata)
    chan_idx                                 0x08009e88   Data           8  deca_params_init.o(.constdata)
    tx_config                                0x08009e90   Data          24  deca_params_init.o(.constdata)
    pll2_config                              0x08009ea8   Data          30  deca_params_init.o(.constdata)
    pll2calcfg                               0x08009ec6   Data           1  deca_params_init.o(.constdata)
    rx_config                                0x08009ec7   Data           2  deca_params_init.o(.constdata)
    agc_config                               0x08009ecc   Data           8  deca_params_init.o(.constdata)
    dwnsSFDlen                               0x08009ed4   Data           3  deca_params_init.o(.constdata)
    sftsh                                    0x08009ed8   Data          12  deca_params_init.o(.constdata)
    dtune1                                   0x08009ee4   Data           4  deca_params_init.o(.constdata)
    digital_bb_config                        0x08009ee8   Data          32  deca_params_init.o(.constdata)
    lde_replicaCoeff                         0x08009f08   Data          50  deca_params_init.o(.constdata)
    chan_idxnb                               0x08009f3a   Data           8  deca_range_tables.o(.constdata)
    chan_idxwb                               0x08009f42   Data           8  deca_range_tables.o(.constdata)
    range25cm16PRFnb                         0x08009f4a   Data         148  deca_range_tables.o(.constdata)
    range25cm16PRFwb                         0x08009fde   Data         136  deca_range_tables.o(.constdata)
    range25cm64PRFnb                         0x0800a066   Data         104  deca_range_tables.o(.constdata)
    range25cm64PRFwb                         0x0800a0ce   Data         118  deca_range_tables.o(.constdata)
    Virtual_Com_Port_DeviceDescriptor        0x0800a144   Data          18  usb_desc.o(.constdata)
    Virtual_Com_Port_ConfigDescriptor        0x0800a156   Data          67  usb_desc.o(.constdata)
    Virtual_Com_Port_StringLangID            0x0800a199   Data           4  usb_desc.o(.constdata)
    Virtual_Com_Port_StringVendor            0x0800a19d   Data          24  usb_desc.o(.constdata)
    Virtual_Com_Port_StringProduct           0x0800a1b5   Data          38  usb_desc.o(.constdata)
    Region$$Table$$Base                      0x0800a3fc   Number         0  anon$$obj.o(Region$$Table)
    Region$$Table$$Limit                     0x0800a41c   Number         0  anon$$obj.o(Region$$Table)
    inst_tdist                               0x20000000   Data           8  instance_common.o(.data)
    inst_idist                               0x20000008   Data           8  instance_common.o(.data)
    inst_idistraw                            0x20000010   Data           8  instance_common.o(.data)
    status_idx                               0x20000018   Data           4  deca_device.o(.data)
    buff_version                             0x2000001c   Data          19  device_info.o(.data)
    s1switch                                 0x20000030   Data           1  main.o(.data)
    sendTWRRawReports                        0x20000031   Data           1  main.o(.data)
    instance_anchaddr                        0x20000034   Data           4  main.o(.data)
    dr_mode                                  0x20000038   Data           4  main.o(.data)
    instance_mode                            0x2000003c   Data           4  main.o(.data)
    pauseTWRReports                          0x20000040   Data           4  main.o(.data)
    chan                                     0x20000044   Data           4  main.o(.data)
    chConfig                                 0x20000048   Data          40  main.o(.data)
    sfConfig                                 0x20000070   Data          40  main.o(.data)
    time32_incr                              0x20000098   Data           4  stm32f10x_it.o(.data)
    EXTI_InitStructure                       0x2000009c   Data           8  hw_config.o(.data)
    Virtual_Com_Port_StringSerial            0x200000a4   Data          38  usb_desc.o(.data)
    bIntPackSOF                              0x200000d4   Data           1  usb_istr.o(.data)
    wIstr                                    0x200000d6   Data           2  usb_istr.o(.data)
    esof_counter                             0x200000d8   Data           4  usb_istr.o(.data)
    wCNTR                                    0x200000dc   Data           4  usb_istr.o(.data)
    pEpInt_IN                                0x200000e0   Data          28  usb_istr.o(.data)
    pEpInt_OUT                               0x200000fc   Data          28  usb_istr.o(.data)
    Request                                  0x20000118   Data           1  usb_prop.o(.data)
    linecoding                               0x2000011c   Data           8  usb_prop.o(.data)
    Device_Descriptor                        0x20000124   Data           8  usb_prop.o(.data)
    Config_Descriptor                        0x2000012c   Data           8  usb_prop.o(.data)
    Device_Property                          0x20000134   Data          48  usb_prop.o(.data)
    String_Descriptor                        0x20000164   Data          32  usb_prop.o(.data)
    Device_Table                             0x20000184   Data           2  usb_prop.o(.data)
    User_Standard_Requests                   0x20000188   Data          36  usb_prop.o(.data)
    bDeviceState                             0x200001ac   Data           4  usb_pwr.o(.data)
    fSuspendEnabled                          0x200001b0   Data           1  usb_pwr.o(.data)
    ResumeS                                  0x200001b4   Data           2  usb_pwr.o(.data)
    remotewakeupon                           0x200001b8   Data           4  usb_pwr.o(.data)
    Data_Mul_MaxPacketSize                   0x200001bc   Data           1  usb_core.o(.data)
    StatusInfo                               0x200001be   Data           2  usb_core.o(.data)
    EPindex                                  0x200001c0   Data           1  usb_init.o(.data)
    pInformation                             0x200001c4   Data           4  usb_init.o(.data)
    pProperty                                0x200001c8   Data           4  usb_init.o(.data)
    pUser_Standard_Requests                  0x200001cc   Data           4  usb_init.o(.data)
    wInterrupt_Mask                          0x200001d0   Data           2  usb_init.o(.data)
    SaveRState                               0x200001d2   Data           2  usb_int.o(.data)
    SaveTState                               0x200001d4   Data           2  usb_int.o(.data)
    len                                      0x200001da   Data           1  usart.o(.data)
    USART_RX_STA                             0x200001dc   Data           2  usart.o(.data)
    __stdout                                 0x200001e0   Data           4  usart.o(.data)
    DMA1_MEM_LEN                             0x200001e4   Data           2  dma.o(.data)
    SystemCoreClock                          0x200001e8   Data           4  system_stm32f10x.o(.data)
    AHBPrescTable                            0x200001ec   Data          16  system_stm32f10x.o(.data)
    instance_data                            0x20000210   Data        1720  instance_common.o(.bss)
    dw_event_g                               0x200008c8   Data         160  instance_common.o(.bss)
    last_status                              0x200009f8   Data          40  deca_device.o(.bss)
    buff_sn                                  0x20000a20   Data          41  device_info.o(.bss)
    sys_para                                 0x20000a4a   Data          22  device_info.o(.bss)
    FLAH_BUFF0                               0x20000a60   Data          32  device_info.o(.bss)
    SendBuff                                 0x20000a80   Data         130  main.o(.bss)
    USB_RxBuff                               0x20000b02   Data          30  main.o(.bss)
    STMFLASH_BUF                             0x20000b20   Data        1024  stmflash.o(.bss)
    EP                                       0x200019c0   Data          32  usb_pwr.o(.bss)
    Device_Info                              0x200019e0   Data          28  usb_init.o(.bss)
    USART_RX_BUF                             0x200019fc   Data         200  usart.o(.bss)
    DMA_InitStructure                        0x20001ac4   Data          44  dma.o(.bss)
    __libspace_start                         0x20001af0   Data          96  libspace.o(.bss)
    __temporary_stack_top$libspace           0x20001b50   Data           0  libspace.o(.bss)



==============================================================================

Memory Map of the image

  Image Entry point : 0x080000ed

  Load Region LR_IROM1 (Base: 0x08000000, Size: 0x0000a62c, Max: 0x00010000, ABSOLUTE, COMPRESSED[0x0000a50c])

    Execution Region ER_IROM1 (Exec base: 0x08000000, Load base: 0x08000000, Size: 0x0000a41c, Max: 0x00010000, ABSOLUTE)

    Exec Addr    Load Addr    Size         Type   Attr      Idx    E Section Name        Object

    0x08000000   0x08000000   0x000000ec   Data   RO          861    RESET               startup_stm32f10x_md.o
    0x080000ec   0x080000ec   0x00000008   Code   RO         1069  * !!!main             c_w.l(__main.o)
    0x080000f4   0x080000f4   0x00000034   Code   RO         1326    !!!scatter          c_w.l(__scatter.o)
    0x08000128   0x08000128   0x0000005a   Code   RO         1324    !!dczerorl2         c_w.l(__dczerorl2.o)
    0x08000182   0x08000182   0x00000002   PAD
    0x08000184   0x08000184   0x0000001c   Code   RO         1328    !!handler_zi        c_w.l(__scatter_zi.o)
    0x080001a0   0x080001a0   0x00000000   Code   RO         1060    .ARM.Collect$$_printf_percent$$00000000  c_w.l(_printf_percent.o)
    0x080001a0   0x080001a0   0x00000006   Code   RO         1059    .ARM.Collect$$_printf_percent$$00000009  c_w.l(_printf_d.o)
    0x080001a6   0x080001a6   0x00000006   Code   RO         1058    .ARM.Collect$$_printf_percent$$0000000C  c_w.l(_printf_x.o)
    0x080001ac   0x080001ac   0x00000006   Code   RO         1057    .ARM.Collect$$_printf_percent$$00000013  c_w.l(_printf_c.o)
    0x080001b2   0x080001b2   0x00000004   Code   RO         1148    .ARM.Collect$$_printf_percent$$00000017  c_w.l(_printf_percent_end.o)
    0x080001b6   0x080001b6   0x00000002   Code   RO         1196    .ARM.Collect$$libinit$$00000000  c_w.l(libinit.o)
    0x080001b8   0x080001b8   0x00000000   Code   RO         1205    .ARM.Collect$$libinit$$00000002  c_w.l(libinit2.o)
    0x080001b8   0x080001b8   0x00000000   Code   RO         1207    .ARM.Collect$$libinit$$00000004  c_w.l(libinit2.o)
    0x080001b8   0x080001b8   0x00000000   Code   RO         1210    .ARM.Collect$$libinit$$0000000A  c_w.l(libinit2.o)
    0x080001b8   0x080001b8   0x00000000   Code   RO         1212    .ARM.Collect$$libinit$$0000000C  c_w.l(libinit2.o)
    0x080001b8   0x080001b8   0x00000000   Code   RO         1214    .ARM.Collect$$libinit$$0000000E  c_w.l(libinit2.o)
    0x080001b8   0x080001b8   0x00000000   Code   RO         1217    .ARM.Collect$$libinit$$00000011  c_w.l(libinit2.o)
    0x080001b8   0x080001b8   0x00000000   Code   RO         1219    .ARM.Collect$$libinit$$00000013  c_w.l(libinit2.o)
    0x080001b8   0x080001b8   0x00000000   Code   RO         1221    .ARM.Collect$$libinit$$00000015  c_w.l(libinit2.o)
    0x080001b8   0x080001b8   0x00000000   Code   RO         1223    .ARM.Collect$$libinit$$00000017  c_w.l(libinit2.o)
    0x080001b8   0x080001b8   0x00000000   Code   RO         1225    .ARM.Collect$$libinit$$00000019  c_w.l(libinit2.o)
    0x080001b8   0x080001b8   0x00000000   Code   RO         1227    .ARM.Collect$$libinit$$0000001B  c_w.l(libinit2.o)
    0x080001b8   0x080001b8   0x00000000   Code   RO         1229    .ARM.Collect$$libinit$$0000001D  c_w.l(libinit2.o)
    0x080001b8   0x080001b8   0x00000000   Code   RO         1231    .ARM.Collect$$libinit$$0000001F  c_w.l(libinit2.o)
    0x080001b8   0x080001b8   0x00000000   Code   RO         1233    .ARM.Collect$$libinit$$00000021  c_w.l(libinit2.o)
    0x080001b8   0x080001b8   0x00000000   Code   RO         1235    .ARM.Collect$$libinit$$00000023  c_w.l(libinit2.o)
    0x080001b8   0x080001b8   0x00000000   Code   RO         1237    .ARM.Collect$$libinit$$00000025  c_w.l(libinit2.o)
    0x080001b8   0x080001b8   0x00000000   Code   RO         1241    .ARM.Collect$$libinit$$0000002C  c_w.l(libinit2.o)
    0x080001b8   0x080001b8   0x00000000   Code   RO         1243    .ARM.Collect$$libinit$$0000002E  c_w.l(libinit2.o)
    0x080001b8   0x080001b8   0x00000000   Code   RO         1245    .ARM.Collect$$libinit$$00000030  c_w.l(libinit2.o)
    0x080001b8   0x080001b8   0x00000000   Code   RO         1247    .ARM.Collect$$libinit$$00000032  c_w.l(libinit2.o)
    0x080001b8   0x080001b8   0x00000002   Code   RO         1248    .ARM.Collect$$libinit$$00000033  c_w.l(libinit2.o)
    0x080001ba   0x080001ba   0x00000002   Code   RO         1266    .ARM.Collect$$libshutdown$$00000000  c_w.l(libshutdown.o)
    0x080001bc   0x080001bc   0x00000000   Code   RO         1276    .ARM.Collect$$libshutdown$$00000002  c_w.l(libshutdown2.o)
    0x080001bc   0x080001bc   0x00000000   Code   RO         1278    .ARM.Collect$$libshutdown$$00000004  c_w.l(libshutdown2.o)
    0x080001bc   0x080001bc   0x00000000   Code   RO         1281    .ARM.Collect$$libshutdown$$00000007  c_w.l(libshutdown2.o)
    0x080001bc   0x080001bc   0x00000000   Code   RO         1284    .ARM.Collect$$libshutdown$$0000000A  c_w.l(libshutdown2.o)
    0x080001bc   0x080001bc   0x00000000   Code   RO         1286    .ARM.Collect$$libshutdown$$0000000C  c_w.l(libshutdown2.o)
    0x080001bc   0x080001bc   0x00000000   Code   RO         1289    .ARM.Collect$$libshutdown$$0000000F  c_w.l(libshutdown2.o)
    0x080001bc   0x080001bc   0x00000002   Code   RO         1290    .ARM.Collect$$libshutdown$$00000010  c_w.l(libshutdown2.o)
    0x080001be   0x080001be   0x00000000   Code   RO         1137    .ARM.Collect$$rtentry$$00000000  c_w.l(__rtentry.o)
    0x080001be   0x080001be   0x00000000   Code   RO         1165    .ARM.Collect$$rtentry$$00000002  c_w.l(__rtentry2.o)
    0x080001be   0x080001be   0x00000006   Code   RO         1177    .ARM.Collect$$rtentry$$00000004  c_w.l(__rtentry4.o)
    0x080001c4   0x080001c4   0x00000000   Code   RO         1167    .ARM.Collect$$rtentry$$00000009  c_w.l(__rtentry2.o)
    0x080001c4   0x080001c4   0x00000004   Code   RO         1168    .ARM.Collect$$rtentry$$0000000A  c_w.l(__rtentry2.o)
    0x080001c8   0x080001c8   0x00000000   Code   RO         1170    .ARM.Collect$$rtentry$$0000000C  c_w.l(__rtentry2.o)
    0x080001c8   0x080001c8   0x00000008   Code   RO         1171    .ARM.Collect$$rtentry$$0000000D  c_w.l(__rtentry2.o)
    0x080001d0   0x080001d0   0x00000002   Code   RO         1202    .ARM.Collect$$rtexit$$00000000  c_w.l(rtexit.o)
    0x080001d2   0x080001d2   0x00000000   Code   RO         1250    .ARM.Collect$$rtexit$$00000002  c_w.l(rtexit2.o)
    0x080001d2   0x080001d2   0x00000004   Code   RO         1251    .ARM.Collect$$rtexit$$00000003  c_w.l(rtexit2.o)
    0x080001d6   0x080001d6   0x00000006   Code   RO         1252    .ARM.Collect$$rtexit$$00000004  c_w.l(rtexit2.o)
    0x080001dc   0x080001dc   0x00000c14   Code   RO            1    .text               instance.o
    0x08000df0   0x08000df0   0x00000040   Code   RO          159    .text               instance_calib.o
    0x08000e30   0x08000e30   0x0000102c   Code   RO          187    .text               instance_common.o
    0x08001e5c   0x08001e5c   0x000000d8   Code   RO          236    .text               deca_range_tables.o
    0x08001f34   0x08001f34   0x00001820   Code   RO          255    .text               deca_device.o
    0x08003754   0x08003754   0x0000002c   Code   RO          277    .text               deca_mutex.o
    0x08003780   0x08003780   0x000000e0   Code   RO          293    .text               deca_spi.o
    0x08003860   0x08003860   0x00000110   Code   RO          305    .text               device_info.o
    0x08003970   0x08003970   0x0000073c   Code   RO          328    .text               main.o
    0x080040ac   0x080040ac   0x00000060   Code   RO          383    .text               stm32f10x_it.o
    0x0800410c   0x0800410c   0x0000008c   Code   RO          427    .text               led.o
    0x08004198   0x08004198   0x00000390   Code   RO          439    .text               port.o
    0x08004528   0x08004528   0x00000118   Code   RO          456    .text               stmflash.o
    0x08004640   0x08004640   0x000000e4   Code   RO          472    .text               timer.o
    0x08004724   0x08004724   0x0000019c   Code   RO          484    .text               hw_config.o
    0x080048c0   0x080048c0   0x000000b4   Code   RO          564    .text               usb_endp.o
    0x08004974   0x08004974   0x00000150   Code   RO          582    .text               usb_istr.o
    0x08004ac4   0x08004ac4   0x0000000c   Code   RO          602    .text               usb_it.o
    0x08004ad0   0x08004ad0   0x000001f4   Code   RO          614    .text               usb_prop.o
    0x08004cc4   0x08004cc4   0x000001b0   Code   RO          639    .text               usb_pwr.o
    0x08004e74   0x08004e74   0x000007c8   Code   RO          661    .text               usb_core.o
    0x0800563c   0x0800563c   0x00000028   Code   RO          677    .text               usb_init.o
    0x08005664   0x08005664   0x000001c4   Code   RO          703    .text               usb_int.o
    0x08005828   0x08005828   0x00000048   Code   RO          727    .text               usb_mem.o
    0x08005870   0x08005870   0x000006b0   Code   RO          739    .text               usb_regs.o
    0x08005f20   0x08005f20   0x0000006c   Code   RO          752    .text               usb_sil.o
    0x08005f8c   0x08005f8c   0x000000ac   Code   RO          764    .text               delay.o
    0x08006038   0x08006038   0x000001ec   Code   RO          795    .text               usart.o
    0x08006224   0x08006224   0x00000078   Code   RO          825    .text               dma.o
    0x0800629c   0x0800629c   0x000003d6   Code   RO          841    .text               queue.o
    0x08006672   0x08006672   0x00000002   PAD
    0x08006674   0x08006674   0x00000040   Code   RO          862    .text               startup_stm32f10x_md.o
    0x080066b4   0x080066b4   0x00000154   Code   RO          866    .text               system_stm32f10x.o
    0x08006808   0x08006808   0x000000b0   Code   RO          884    .text               misc.o
    0x080068b8   0x080068b8   0x000001c8   Code   RO          896    .text               stm32f10x_dma.o
    0x08006a80   0x08006a80   0x000000e8   Code   RO          908    .text               stm32f10x_exti.o
    0x08006b68   0x08006b68   0x0000047c   Code   RO          920    .text               stm32f10x_flash.o
    0x08006fe4   0x08006fe4   0x0000026c   Code   RO          933    .text               stm32f10x_gpio.o
    0x08007250   0x08007250   0x000002b4   Code   RO          945    .text               stm32f10x_rcc.o
    0x08007504   0x08007504   0x00000274   Code   RO          959    .text               stm32f10x_spi.o
    0x08007778   0x08007778   0x00000af4   Code   RO          971    .text               stm32f10x_tim.o
    0x0800826c   0x0800826c   0x00000328   Code   RO          984    .text               stm32f10x_usart.o
    0x08008594   0x08008594   0x00000002   Code   RO          998    .text               c_w.l(use_no_semi_2.o)
    0x08008596   0x08008596   0x00000002   PAD
    0x08008598   0x08008598   0x00000018   Code   RO         1000    .text               c_w.l(__2printf.o)
    0x080085b0   0x080085b0   0x0000002c   Code   RO         1002    .text               c_w.l(__2sprintf.o)
    0x080085dc   0x080085dc   0x0000004e   Code   RO         1010    .text               c_w.l(_printf_pad.o)
    0x0800862a   0x0800862a   0x00000052   Code   RO         1012    .text               c_w.l(_printf_str.o)
    0x0800867c   0x0800867c   0x00000078   Code   RO         1014    .text               c_w.l(_printf_dec.o)
    0x080086f4   0x080086f4   0x00000058   Code   RO         1019    .text               c_w.l(_printf_hex_int.o)
    0x0800874c   0x0800874c   0x00000138   Code   RO         1049    .text               c_w.l(__printf_flags_wp.o)
    0x08008884   0x08008884   0x0000008a   Code   RO         1061    .text               c_w.l(rt_memcpy_v6.o)
    0x0800890e   0x0800890e   0x00000064   Code   RO         1063    .text               c_w.l(rt_memcpy_w.o)
    0x08008972   0x08008972   0x0000004e   Code   RO         1065    .text               c_w.l(rt_memclr_w.o)
    0x080089c0   0x080089c0   0x00000006   Code   RO         1067    .text               c_w.l(heapauxi.o)
    0x080089c6   0x080089c6   0x00000002   Code   RO         1135    .text               c_w.l(use_no_semi.o)
    0x080089c8   0x080089c8   0x000000b2   Code   RO         1138    .text               c_w.l(_printf_intcommon.o)
    0x08008a7a   0x08008a7a   0x00000002   PAD
    0x08008a7c   0x08008a7c   0x00000030   Code   RO         1140    .text               c_w.l(_printf_char_common.o)
    0x08008aac   0x08008aac   0x0000000a   Code   RO         1142    .text               c_w.l(_sputc.o)
    0x08008ab6   0x08008ab6   0x0000002c   Code   RO         1144    .text               c_w.l(_printf_char.o)
    0x08008ae2   0x08008ae2   0x00000002   PAD
    0x08008ae4   0x08008ae4   0x00000024   Code   RO         1146    .text               c_w.l(_printf_char_file.o)
    0x08008b08   0x08008b08   0x00000008   Code   RO         1181    .text               c_w.l(ferror.o)
    0x08008b10   0x08008b10   0x0000004a   Code   RO         1187    .text               c_w.l(sys_stackheap_outer.o)
    0x08008b5a   0x08008b5a   0x00000012   Code   RO         1189    .text               c_w.l(exit.o)
    0x08008b6c   0x08008b6c   0x00000008   Code   RO         1199    .text               c_w.l(libspace.o)
    0x08008b74   0x08008b74   0x0000000e   Code   RO         1047    i._is_digit         c_w.l(__printf_wp.o)
    0x08008b82   0x08008b82   0x00000002   PAD
    0x08008b84   0x08008b84   0x000000dc   Code   RO         1132    i.ceil              m_ws.l(ceil.o)
    0x08008c60   0x08008c60   0x00000062   Code   RO         1071    x$fpl$d2f           fz_ws.l(d2f.o)
    0x08008cc2   0x08008cc2   0x00000002   PAD
    0x08008cc4   0x08008cc4   0x00000150   Code   RO         1073    x$fpl$dadd          fz_ws.l(daddsub_clz.o)
    0x08008e14   0x08008e14   0x00000010   Code   RO         1149    x$fpl$dcheck1       fz_ws.l(dcheck1.o)
    0x08008e24   0x08008e24   0x00000018   Code   RO         1151    x$fpl$dcmpinf       fz_ws.l(dcmpi.o)
    0x08008e3c   0x08008e3c   0x000002b0   Code   RO         1080    x$fpl$ddiv          fz_ws.l(ddiv.o)
    0x080090ec   0x080090ec   0x0000005e   Code   RO         1083    x$fpl$dfix          fz_ws.l(dfix.o)
    0x0800914a   0x0800914a   0x0000002e   Code   RO         1092    x$fpl$dflt          fz_ws.l(dflt_clz.o)
    0x08009178   0x08009178   0x000000a2   Code   RO         1097    x$fpl$dfltll        fz_ws.l(dfltll_clz.o)
    0x0800921a   0x0800921a   0x00000026   Code   RO         1091    x$fpl$dfltu         fz_ws.l(dflt_clz.o)
    0x08009240   0x08009240   0x00000078   Code   RO         1101    x$fpl$dleqf         fz_ws.l(dleqf.o)
    0x080092b8   0x080092b8   0x00000154   Code   RO         1103    x$fpl$dmul          fz_ws.l(dmul.o)
    0x0800940c   0x0800940c   0x0000009c   Code   RO         1153    x$fpl$dnaninf       fz_ws.l(dnaninf.o)
    0x080094a8   0x080094a8   0x0000000c   Code   RO         1155    x$fpl$dretinf       fz_ws.l(dretinf.o)
    0x080094b4   0x080094b4   0x0000006c   Code   RO         1105    x$fpl$drleqf        fz_ws.l(drleqf.o)
    0x08009520   0x08009520   0x00000016   Code   RO         1074    x$fpl$drsb          fz_ws.l(daddsub_clz.o)
    0x08009536   0x08009536   0x00000002   PAD
    0x08009538   0x08009538   0x000001d4   Code   RO         1075    x$fpl$dsub          fz_ws.l(daddsub_clz.o)
    0x0800970c   0x0800970c   0x00000056   Code   RO         1107    x$fpl$f2d           fz_ws.l(f2d.o)
    0x08009762   0x08009762   0x00000002   PAD
    0x08009764   0x08009764   0x000000c4   Code   RO         1109    x$fpl$fadd          fz_ws.l(faddsub_clz.o)
    0x08009828   0x08009828   0x0000000c   Code   RO         1157    x$fpl$fcheck1       fz_ws.l(fcheck1.o)
    0x08009834   0x08009834   0x00000184   Code   RO         1116    x$fpl$fdiv          fz_ws.l(fdiv.o)
    0x080099b8   0x080099b8   0x00000030   Code   RO         1120    x$fpl$fflt          fz_ws.l(fflt_clz.o)
    0x080099e8   0x080099e8   0x00000102   Code   RO         1125    x$fpl$fmul          fz_ws.l(fmul.o)
    0x08009aea   0x08009aea   0x0000008c   Code   RO         1159    x$fpl$fnaninf       fz_ws.l(fnaninf.o)
    0x08009b76   0x08009b76   0x0000000a   Code   RO         1161    x$fpl$fretinf       fz_ws.l(fretinf.o)
    0x08009b80   0x08009b80   0x000000ea   Code   RO         1111    x$fpl$fsub          fz_ws.l(faddsub_clz.o)
    0x08009c6a   0x08009c6a   0x00000002   PAD
    0x08009c6c   0x08009c6c   0x00000078   Code   RO         1087    x$fpl$llufromd      fz_ws.l(dfixull.o)
    0x08009ce4   0x08009ce4   0x00000064   Code   RO         1185    x$fpl$retnan        fz_ws.l(retnan.o)
    0x08009d48   0x08009d48   0x0000005c   Code   RO         1127    x$fpl$scalbn        fz_ws.l(scalbn.o)
    0x08009da4   0x08009da4   0x0000004c   Code   RO         1129    x$fpl$scalbnf       fz_ws.l(scalbnf.o)
    0x08009df0   0x08009df0   0x00000030   Code   RO         1197    x$fpl$trapveneer    fz_ws.l(trapv.o)
    0x08009e20   0x08009e20   0x00000000   Code   RO         1163    x$fpl$usenofp       fz_ws.l(usenofp.o)
    0x08009e20   0x08009e20   0x00000060   Data   RO          160    .constdata          instance_calib.o
    0x08009e80   0x08009e80   0x00000004   Data   RO          161    .constdata          instance_calib.o
    0x08009e84   0x08009e84   0x00000004   Data   RO          162    .constdata          instance_calib.o
    0x08009e88   0x08009e88   0x00000008   Data   RO          208    .constdata          deca_params_init.o
    0x08009e90   0x08009e90   0x00000018   Data   RO          209    .constdata          deca_params_init.o
    0x08009ea8   0x08009ea8   0x0000001e   Data   RO          210    .constdata          deca_params_init.o
    0x08009ec6   0x08009ec6   0x00000001   Data   RO          211    .constdata          deca_params_init.o
    0x08009ec7   0x08009ec7   0x00000002   Data   RO          212    .constdata          deca_params_init.o
    0x08009ec9   0x08009ec9   0x00000003   PAD
    0x08009ecc   0x08009ecc   0x00000008   Data   RO          213    .constdata          deca_params_init.o
    0x08009ed4   0x08009ed4   0x00000003   Data   RO          214    .constdata          deca_params_init.o
    0x08009ed7   0x08009ed7   0x00000001   PAD
    0x08009ed8   0x08009ed8   0x0000000c   Data   RO          215    .constdata          deca_params_init.o
    0x08009ee4   0x08009ee4   0x00000004   Data   RO          216    .constdata          deca_params_init.o
    0x08009ee8   0x08009ee8   0x00000020   Data   RO          217    .constdata          deca_params_init.o
    0x08009f08   0x08009f08   0x00000032   Data   RO          218    .constdata          deca_params_init.o
    0x08009f3a   0x08009f3a   0x0000020a   Data   RO          237    .constdata          deca_range_tables.o
    0x0800a144   0x0800a144   0x00000012   Data   RO          547    .constdata          usb_desc.o
    0x0800a156   0x0800a156   0x00000043   Data   RO          548    .constdata          usb_desc.o
    0x0800a199   0x0800a199   0x00000004   Data   RO          549    .constdata          usb_desc.o
    0x0800a19d   0x0800a19d   0x00000018   Data   RO          550    .constdata          usb_desc.o
    0x0800a1b5   0x0800a1b5   0x00000026   Data   RO          551    .constdata          usb_desc.o
    0x0800a1db   0x0800a1db   0x00000028   Data   RO         1020    .constdata          c_w.l(_printf_hex_int.o)
    0x0800a203   0x0800a203   0x00000011   Data   RO         1050    .constdata          c_w.l(__printf_flags_wp.o)
    0x0800a214   0x0800a214   0x0000007f   Data   RO          163    .conststring        instance_calib.o
    0x0800a293   0x0800a293   0x00000001   PAD
    0x0800a294   0x0800a294   0x0000004b   Data   RO          257    .conststring        deca_device.o
    0x0800a2df   0x0800a2df   0x00000001   PAD
    0x0800a2e0   0x0800a2e0   0x00000119   Data   RO          331    .conststring        main.o
    0x0800a3f9   0x0800a3f9   0x00000003   PAD
    0x0800a3fc   0x0800a3fc   0x00000020   Data   RO         1322    Region$$Table       anon$$obj.o


    Execution Region RW_IRAM1 (Exec base: 0x20000000, Load base: 0x0800a41c, Size: 0x00002150, Max: 0x00005000, ABSOLUTE, COMPRESSED[0x000000f0])

    Exec Addr    Load Addr    Size         Type   Attr      Idx    E Section Name        Object

    0x20000000   COMPRESSED   0x00000018   Data   RW          189    .data               instance_common.o
    0x20000018   COMPRESSED   0x00000004   Data   RW          258    .data               deca_device.o
    0x2000001c   COMPRESSED   0x00000013   Data   RW          307    .data               device_info.o
    0x2000002f   COMPRESSED   0x00000001   PAD
    0x20000030   COMPRESSED   0x00000068   Data   RW          332    .data               main.o
    0x20000098   COMPRESSED   0x00000004   Data   RW          384    .data               stm32f10x_it.o
    0x2000009c   COMPRESSED   0x00000008   Data   RW          488    .data               hw_config.o
    0x200000a4   COMPRESSED   0x00000026   Data   RW          552    .data               usb_desc.o
    0x200000ca   COMPRESSED   0x00000002   PAD
    0x200000cc   COMPRESSED   0x00000008   Data   RW          566    .data               usb_endp.o
    0x200000d4   COMPRESSED   0x0000000c   Data   RW          583    .data               usb_istr.o
    0x200000e0   COMPRESSED   0x0000001c   Data   RW          584    .data               usb_istr.o
    0x200000fc   COMPRESSED   0x0000001c   Data   RW          585    .data               usb_istr.o
    0x20000118   COMPRESSED   0x0000006c   Data   RW          615    .data               usb_prop.o
    0x20000184   COMPRESSED   0x00000002   Data   RW          616    .data               usb_prop.o
    0x20000186   COMPRESSED   0x00000002   PAD
    0x20000188   COMPRESSED   0x00000024   Data   RW          617    .data               usb_prop.o
    0x200001ac   COMPRESSED   0x00000004   Data   RW          641    .data               usb_pwr.o
    0x200001b0   COMPRESSED   0x00000001   Data   RW          642    .data               usb_pwr.o
    0x200001b1   COMPRESSED   0x00000003   PAD
    0x200001b4   COMPRESSED   0x00000008   Data   RW          643    .data               usb_pwr.o
    0x200001bc   COMPRESSED   0x00000004   Data   RW          662    .data               usb_core.o
    0x200001c0   COMPRESSED   0x00000001   Data   RW          679    .data               usb_init.o
    0x200001c1   COMPRESSED   0x00000003   PAD
    0x200001c4   COMPRESSED   0x0000000c   Data   RW          680    .data               usb_init.o
    0x200001d0   COMPRESSED   0x00000002   Data   RW          682    .data               usb_init.o
    0x200001d2   COMPRESSED   0x00000004   Data   RW          704    .data               usb_int.o
    0x200001d6   COMPRESSED   0x00000004   Data   RW          765    .data               delay.o
    0x200001da   COMPRESSED   0x00000004   Data   RW          798    .data               usart.o
    0x200001de   COMPRESSED   0x00000002   PAD
    0x200001e0   COMPRESSED   0x00000004   Data   RW          799    .data               usart.o
    0x200001e4   COMPRESSED   0x00000002   Data   RW          827    .data               dma.o
    0x200001e6   COMPRESSED   0x00000002   PAD
    0x200001e8   COMPRESSED   0x00000014   Data   RW          867    .data               system_stm32f10x.o
    0x200001fc   COMPRESSED   0x00000014   Data   RW          946    .data               stm32f10x_rcc.o
    0x20000210        -       0x00000758   Zero   RW          188    .bss                instance_common.o
    0x20000968        -       0x000000b8   Zero   RW          256    .bss                deca_device.o
    0x20000a20        -       0x00000060   Zero   RW          306    .bss                device_info.o
    0x20000a80        -       0x000000a0   Zero   RW          329    .bss                main.o
    0x20000b20        -       0x00000400   Zero   RW          457    .bss                stmflash.o
    0x20000f20        -       0x00000a20   Zero   RW          485    .bss                hw_config.o
    0x20001940        -       0x00000080   Zero   RW          565    .bss                usb_endp.o
    0x200019c0        -       0x00000020   Zero   RW          640    .bss                usb_pwr.o
    0x200019e0        -       0x0000001c   Zero   RW          678    .bss                usb_init.o
    0x200019fc        -       0x000000c8   Zero   RW          796    .bss                usart.o
    0x20001ac4        -       0x0000002c   Zero   RW          826    .bss                dma.o
    0x20001af0        -       0x00000060   Zero   RW         1200    .bss                c_w.l(libspace.o)
    0x20001b50        -       0x00000200   Zero   RW          860    HEAP                startup_stm32f10x_md.o
    0x20001d50        -       0x00000400   Zero   RW          859    STACK               startup_stm32f10x_md.o


==============================================================================

Image component sizes


      Code (inc. data)   RO Data    RW Data    ZI Data      Debug   Object Name

      6176        134         75          4        184      24804   deca_device.o
        44          0          0          0          0      15850   deca_mutex.o
         0          0        174          0          0       1864   deca_params_init.o
       216         16        522          0          0       2207   deca_range_tables.o
       224         10          0          0          0       2068   deca_spi.o
       172         12          0          4          0       1281   delay.o
       272         44          0         19         96       2998   device_info.o
       120         14          0          2         44       1425   dma.o
       412         34          0          8       2592      17005   hw_config.o
      3092        104          0          0          0     293974   instance.o
        64          6        231          0          0      11824   instance_calib.o
      4140        110          0         24       1880      22256   instance_common.o
       140         16          0          0          0        812   led.o
      1852        402        281        104        160      21415   main.o
       176         14          0          0          0       1941   misc.o
       912         26          0          0          0      18996   port.o
       982          0          0          0          0       9235   queue.o
        64         26        236          0       1536        820   startup_stm32f10x_md.o
       456         10          0          0          0       4726   stm32f10x_dma.o
       232          8          0          0          0       2443   stm32f10x_exti.o
      1148         22          0          0          0       9344   stm32f10x_flash.o
       620         36          0          0          0       5901   stm32f10x_gpio.o
        96          4          0          4          0       2090   stm32f10x_it.o
       692         32          0         20          0       9048   stm32f10x_rcc.o
       628         14          0          0          0       7042   stm32f10x_spi.o
      2804         86          0          0          0      23026   stm32f10x_tim.o
       808         22          0          0          0       8824   stm32f10x_usart.o
       280          6          0          0       1024       2852   stmflash.o
         0          0          0          0          0         32   sys.o
       340         32          0         20          0       1863   system_stm32f10x.o
       228          8          0          0          0       1070   timer.o
       492         30          0          8        200      19184   usart.o
      1992         88          0          4          0       8361   usb_core.o
         0          0        151         38          0       1023   usb_desc.o
       180         12          0          8        128       1572   usb_endp.o
        40         18          0         15         28       3902   usb_init.o
       452         28          0          4          0       1775   usb_int.o
       336         26          0         68          0       1543   usb_istr.o
        12          0          0          0          0        542   usb_it.o
        72          6          0          0          0       1322   usb_mem.o
       500         22          0        146          0       7087   usb_prop.o
       432         36          0         13         32       2877   usb_pwr.o
      1712         28          0          0          0      11319   usb_regs.o
       108         10          0          0          0       1346   usb_sil.o

    ----------------------------------------------------------------------
     33720       1552       1711        528       7904     590889   Object Totals
         0          0         32          0          0          0   (incl. Generated)
         2          0          9         15          0          0   (incl. Padding)

    ----------------------------------------------------------------------

      Code (inc. data)   RO Data    RW Data    ZI Data      Debug   Library Member Name

        24          4          0          0          0         84   __2printf.o
        44          6          0          0          0         84   __2sprintf.o
        90          0          0          0          0          0   __dczerorl2.o
         8          0          0          0          0         68   __main.o
       312          4         17          0          0         92   __printf_flags_wp.o
        14          0          0          0          0         68   __printf_wp.o
         0          0          0          0          0          0   __rtentry.o
        12          0          0          0          0          0   __rtentry2.o
         6          0          0          0          0          0   __rtentry4.o
        52          8          0          0          0          0   __scatter.o
        28          0          0          0          0          0   __scatter_zi.o
         6          0          0          0          0          0   _printf_c.o
        44          0          0          0          0        108   _printf_char.o
        48          6          0          0          0         96   _printf_char_common.o
        36          4          0          0          0         80   _printf_char_file.o
         6          0          0          0          0          0   _printf_d.o
       120         16          0          0          0         92   _printf_dec.o
        88          4         40          0          0         88   _printf_hex_int.o
       178          0          0          0          0         88   _printf_intcommon.o
        78          0          0          0          0        108   _printf_pad.o
         0          0          0          0          0          0   _printf_percent.o
         4          0          0          0          0          0   _printf_percent_end.o
        82          0          0          0          0         80   _printf_str.o
         6          0          0          0          0          0   _printf_x.o
        10          0          0          0          0         68   _sputc.o
        18          0          0          0          0         80   exit.o
         8          0          0          0          0         68   ferror.o
         6          0          0          0          0        152   heapauxi.o
         2          0          0          0          0          0   libinit.o
         2          0          0          0          0          0   libinit2.o
         2          0          0          0          0          0   libshutdown.o
         2          0          0          0          0          0   libshutdown2.o
         8          4          0          0         96         68   libspace.o
        78          0          0          0          0         80   rt_memclr_w.o
       138          0          0          0          0         68   rt_memcpy_v6.o
       100          0          0          0          0         80   rt_memcpy_w.o
         2          0          0          0          0          0   rtexit.o
        10          0          0          0          0          0   rtexit2.o
        74          0          0          0          0         80   sys_stackheap_outer.o
         2          0          0          0          0         68   use_no_semi.o
         2          0          0          0          0         68   use_no_semi_2.o
        98          4          0          0          0         92   d2f.o
       826         16          0          0          0        348   daddsub_clz.o
        16          4          0          0          0         68   dcheck1.o
        24          0          0          0          0         68   dcmpi.o
       688        140          0          0          0        208   ddiv.o
        94          4          0          0          0         92   dfix.o
       120          4          0          0          0        104   dfixull.o
        84          0          0          0          0        136   dflt_clz.o
       162          0          0          0          0         84   dfltll_clz.o
       120          4          0          0          0         92   dleqf.o
       340         12          0          0          0        104   dmul.o
       156          4          0          0          0         92   dnaninf.o
        12          0          0          0          0         68   dretinf.o
       108          0          0          0          0         80   drleqf.o
        86          4          0          0          0         84   f2d.o
       430          8          0          0          0        168   faddsub_clz.o
        12          4          0          0          0         68   fcheck1.o
       388         76          0          0          0         96   fdiv.o
        48          0          0          0          0         68   fflt_clz.o
       258          4          0          0          0         84   fmul.o
       140          4          0          0          0         84   fnaninf.o
        10          0          0          0          0         68   fretinf.o
       100          0          0          0          0         68   retnan.o
        92          0          0          0          0         68   scalbn.o
        76          0          0          0          0         68   scalbnf.o
        48          0          0          0          0         68   trapv.o
         0          0          0          0          0          0   usenofp.o
       220         16          0          0          0         84   ceil.o

    ----------------------------------------------------------------------
      6524        364         57          0         96       4728   Library Totals
        18          0          0          0          0          0   (incl. Padding)

    ----------------------------------------------------------------------

      Code (inc. data)   RO Data    RW Data    ZI Data      Debug   Library Name

      1750         56         57          0         96       2016   c_w.l
      4536        292          0          0          0       2628   fz_ws.l
       220         16          0          0          0         84   m_ws.l

    ----------------------------------------------------------------------
      6524        364         57          0         96       4728   Library Totals

    ----------------------------------------------------------------------

==============================================================================


      Code (inc. data)   RO Data    RW Data    ZI Data      Debug   

     40244       1916       1768        528       8000     587605   Grand Totals
     40244       1916       1768        240       8000     587605   ELF Image Totals (compressed)
     40244       1916       1768        240          0          0   ROM Totals

==============================================================================

    Total RO  Size (Code + RO Data)                42012 (  41.03kB)
    Total RW  Size (RW Data + ZI Data)              8528 (   8.33kB)
    Total ROM Size (Code + RO Data + RW Data)      42252 (  41.26kB)

==============================================================================

